Component: ARM Compiler 5.05 update 1 (build 106) Tool: armlink [4d0efa]

==============================================================================

Section Cross References

    main.o(.text) refers to lcd_4_3.o(.text) for LCD_Fill
    main.o(.text) refers to delay.o(.text) for delay_ms
    main.o(.text) refers to tasks.o(.text) for vTaskSuspend
    main.o(.text) refers to key.o(.text) for KEY_Scan
    main.o(.text) refers to rand.o(.text) for Get_Rand
    main.o(.text) refers to port.o(.text) for vPortEnterCritical
    main.o(.text) refers to main.o(.bss) for snake_axis
    main.o(.text) refers to main.o(.data) for EVENTTask_Handler
    main.o(.text) refers to misc.o(.text) for NVIC_PriorityGroupConfig
    main.o(.text) refers to led.o(.text) for LED_Init
    main.o(.text) refers to beep.o(.text) for BEEP_Init
    system_stm32f10x.o(.text) refers to system_stm32f10x.o(.data) for SystemCoreClock
    led.o(.text) refers to stm32f10x_rcc.o(.text) for RCC_APB2PeriphClockCmd
    led.o(.text) refers to stm32f10x_gpio.o(.text) for GPIO_Init
    key.o(.text) refers to stm32f10x_rcc.o(.text) for RCC_APB2PeriphClockCmd
    key.o(.text) refers to stm32f10x_gpio.o(.text) for GPIO_PinRemapConfig
    key.o(.text) refers to delay.o(.text) for delay_ms
    key.o(.text) refers to key.o(.data) for key_up
    rand.o(.text) refers to stm32f10x_rcc.o(.text) for RCC_APB2PeriphClockCmd
    rand.o(.text) refers to stm32f10x_gpio.o(.text) for GPIO_Init
    rand.o(.text) refers to stm32f10x_adc.o(.text) for ADC_DeInit
    beep.o(.text) refers to stm32f10x_rcc.o(.text) for RCC_APB2PeriphClockCmd
    beep.o(.text) refers to stm32f10x_gpio.o(.text) for GPIO_Init
    lcd_4_3.o(.text) refers to delay.o(.text) for delay_us
    lcd_4_3.o(.text) refers to lcd_4_3.o(.bss) for lcddev
    lcd_4_3.o(.text) refers to lcd_4_3.o(.data) for POINT_COLOR
    lcd_4_3.o(.text) refers to dflt_clz.o(x$fpl$dfltu) for __aeabi_ui2d
    lcd_4_3.o(.text) refers to dmul.o(x$fpl$dmul) for __aeabi_dmul
    lcd_4_3.o(.text) refers to dfixu.o(x$fpl$dfixu) for __aeabi_d2uiz
    lcd_4_3.o(.text) refers to stm32f10x_rcc.o(.text) for RCC_AHBPeriphClockCmd
    lcd_4_3.o(.text) refers to stm32f10x_gpio.o(.text) for GPIO_Init
    lcd_4_3.o(.text) refers to stm32f10x_fsmc.o(.text) for FSMC_NORSRAMInit
    lcd_4_3.o(.text) refers to lcd_4_3.o(.constdata) for asc2_1206
    delay.o(.text) refers to tasks.o(.text) for xTaskGetSchedulerState
    delay.o(.text) refers to port.o(.text) for xPortSysTickHandler
    delay.o(.text) refers to misc.o(.text) for SysTick_CLKSourceConfig
    delay.o(.text) refers to system_stm32f10x.o(.data) for SystemCoreClock
    delay.o(.text) refers to delay.o(.data) for fac_us
    usart.o(.text) refers (Special) to use_no_semi_2.o(.text) for __use_no_semihosting
    usart.o(.text) refers to stm32f10x_rcc.o(.text) for RCC_APB2PeriphClockCmd
    usart.o(.text) refers to stm32f10x_gpio.o(.text) for GPIO_Init
    usart.o(.text) refers to misc.o(.text) for NVIC_Init
    usart.o(.text) refers to stm32f10x_usart.o(.text) for USART_Init
    usart.o(.text) refers to usart.o(.data) for USART_RX_STA
    usart.o(.text) refers to usart.o(.bss) for USART_RX_BUF
    usart.o(.bss) refers (Special) to use_no_semi_2.o(.text) for __use_no_semihosting
    usart.o(.data) refers (Special) to use_no_semi_2.o(.text) for __use_no_semihosting
    startup_stm32f10x_hd.o(STACK) refers (Special) to heapauxi.o(.text) for __use_two_region_memory
    startup_stm32f10x_hd.o(HEAP) refers (Special) to heapauxi.o(.text) for __use_two_region_memory
    startup_stm32f10x_hd.o(RESET) refers (Special) to heapauxi.o(.text) for __use_two_region_memory
    startup_stm32f10x_hd.o(RESET) refers to startup_stm32f10x_hd.o(STACK) for __initial_sp
    startup_stm32f10x_hd.o(RESET) refers to startup_stm32f10x_hd.o(.text) for Reset_Handler
    startup_stm32f10x_hd.o(RESET) refers to stm32f10x_it.o(.text) for NMI_Handler
    startup_stm32f10x_hd.o(RESET) refers to port.o(.emb_text) for SVC_Handler
    startup_stm32f10x_hd.o(RESET) refers to delay.o(.text) for SysTick_Handler
    startup_stm32f10x_hd.o(RESET) refers to usart.o(.text) for USART1_IRQHandler
    startup_stm32f10x_hd.o(.text) refers (Special) to heapauxi.o(.text) for __use_two_region_memory
    startup_stm32f10x_hd.o(.text) refers to system_stm32f10x.o(.text) for SystemInit
    startup_stm32f10x_hd.o(.text) refers to __main.o(!!!main) for __main
    startup_stm32f10x_hd.o(.text) refers to startup_stm32f10x_hd.o(HEAP) for Heap_Mem
    startup_stm32f10x_hd.o(.text) refers to startup_stm32f10x_hd.o(STACK) for Stack_Mem
    stm32f10x_gpio.o(.text) refers to stm32f10x_rcc.o(.text) for RCC_APB2PeriphResetCmd
    stm32f10x_rcc.o(.text) refers to stm32f10x_rcc.o(.data) for APBAHBPrescTable
    stm32f10x_usart.o(.text) refers to stm32f10x_rcc.o(.text) for RCC_APB2PeriphResetCmd
    stm32f10x_adc.o(.text) refers to stm32f10x_rcc.o(.text) for RCC_APB2PeriphResetCmd
[...]
    .ARM.Collect$$libinit$$00000004          0x080001c2   Section        0  libinit2.o(.ARM.Collect$$libinit$$00000004)
    .ARM.Collect$$libinit$$0000000A          0x080001c2   Section        0  libinit2.o(.ARM.Collect$$libinit$$0000000A)
    .ARM.Collect$$libinit$$0000000C          0x080001c2   Section        0  libinit2.o(.ARM.Collect$$libinit$$0000000C)
    .ARM.Collect$$libinit$$0000000E          0x080001c2   Section        0  libinit2.o(.ARM.Collect$$libinit$$0000000E)
    .ARM.Collect$$libinit$$00000011          0x080001c2   Section        0  libinit2.o(.ARM.Collect$$libinit$$00000011)
    .ARM.Collect$$libinit$$00000013          0x080001c2   Section        0  libinit2.o(.ARM.Collect$$libinit$$00000013)
    .ARM.Collect$$libinit$$00000015          0x080001c2   Section        0  libinit2.o(.ARM.Collect$$libinit$$00000015)
    .ARM.Collect$$libinit$$00000017          0x080001c2   Section        0  libinit2.o(.ARM.Collect$$libinit$$00000017)
    .ARM.Collect$$libinit$$00000019          0x080001c2   Section        0  libinit2.o(.ARM.Collect$$libinit$$00000019)
    .ARM.Collect$$libinit$$0000001B          0x080001c2   Section        0  libinit2.o(.ARM.Collect$$libinit$$0000001B)
    .ARM.Collect$$libinit$$0000001D          0x080001c2   Section        0  libinit2.o(.ARM.Collect$$libinit$$0000001D)
    .ARM.Collect$$libinit$$0000001F          0x080001c2   Section        0  libinit2.o(.ARM.Collect$$libinit$$0000001F)
    .ARM.Collect$$libinit$$00000021          0x080001c2   Section        0  libinit2.o(.ARM.Collect$$libinit$$00000021)
    .ARM.Collect$$libinit$$00000023          0x080001c2   Section        0  libinit2.o(.ARM.Collect$$libinit$$00000023)
    .ARM.Collect$$libinit$$00000025          0x080001c2   Section        0  libinit2.o(.ARM.Collect$$libinit$$00000025)
    .ARM.Collect$$libinit$$0000002C          0x080001c2   Section        0  libinit2.o(.ARM.Collect$$libinit$$0000002C)
    .ARM.Collect$$libinit$$0000002E          0x080001c2   Section        0  libinit2.o(.ARM.Collect$$libinit$$0000002E)
    .ARM.Collect$$libinit$$00000030          0x080001c2   Section        0  libinit2.o(.ARM.Collect$$libinit$$00000030)
    .ARM.Collect$$libinit$$00000032          0x080001c2   Section        0  libinit2.o(.ARM.Collect$$libinit$$00000032)
    .ARM.Collect$$libinit$$00000033          0x080001c2   Section        2  libinit2.o(.ARM.Collect$$libinit$$00000033)
    .ARM.Collect$$libshutdown$$00000000      0x080001c4   Section        2  libshutdown.o(.ARM.Collect$$libshutdown$$00000000)
    .ARM.Collect$$libshutdown$$00000003      0x080001c6   Section        0  libshutdown2.o(.ARM.Collect$$libshutdown$$00000003)
    .ARM.Collect$$libshutdown$$00000006      0x080001c6   Section        0  libshutdown2.o(.ARM.Collect$$libshutdown$$00000006)
    .ARM.Collect$$libshutdown$$00000009      0x080001c6   Section        0  libshutdown2.o(.ARM.Collect$$libshutdown$$00000009)
    .ARM.Collect$$libshutdown$$0000000B      0x080001c6   Section        0  libshutdown2.o(.ARM.Collect$$libshutdown$$0000000B)
    .ARM.Collect$$libshutdown$$0000000E      0x080001c6   Section        0  libshutdown2.o(.ARM.Collect$$libshutdown$$0000000E)
    .ARM.Collect$$libshutdown$$0000000F      0x080001c6   Section        2  libshutdown2.o(.ARM.Collect$$libshutdown$$0000000F)
    .ARM.Collect$$rtentry$$00000000          0x080001c8   Section        0  __rtentry.o(.ARM.Collect$$rtentry$$00000000)
    .ARM.Collect$$rtentry$$00000002          0x080001c8   Section        0  __rtentry2.o(.ARM.Collect$$rtentry$$00000002)
    .ARM.Collect$$rtentry$$00000004          0x080001c8   Section        6  __rtentry4.o(.ARM.Collect$$rtentry$$00000004)
    .ARM.Collect$$rtentry$$00000009          0x080001ce   Section        0  __rtentry2.o(.ARM.Collect$$rtentry$$00000009)
    .ARM.Collect$$rtentry$$0000000A          0x080001ce   Section        4  __rtentry2.o(.ARM.Collect$$rtentry$$0000000A)
    .ARM.Collect$$rtentry$$0000000C          0x080001d2   Section        0  __rtentry2.o(.ARM.Collect$$rtentry$$0000000C)
    .ARM.Collect$$rtentry$$0000000D          0x080001d2   Section        8  __rtentry2.o(.ARM.Collect$$rtentry$$0000000D)
    .ARM.Collect$$rtexit$$00000000           0x080001da   Section        2  rtexit.o(.ARM.Collect$$rtexit$$00000000)
    .ARM.Collect$$rtexit$$00000002           0x080001dc   Section        0  rtexit2.o(.ARM.Collect$$rtexit$$00000002)
    .ARM.Collect$$rtexit$$00000003           0x080001dc   Section        4  rtexit2.o(.ARM.Collect$$rtexit$$00000003)
    .ARM.Collect$$rtexit$$00000004           0x080001e0   Section        6  rtexit2.o(.ARM.Collect$$rtexit$$00000004)
    .emb_text                                0x080001e8   Section      150  port.o(.emb_text)
    .text                                    0x08000280   Section        0  main.o(.text)
    .text                                    0x080007d8   Section        0  stm32f10x_it.o(.text)
    .text                                    0x080007ec   Section        0  system_stm32f10x.o(.text)
    SetSysClockTo72                          0x080007ed   Thumb Code   214  system_stm32f10x.o(.text)
    SetSysClock                              0x080008c3   Thumb Code     8  system_stm32f10x.o(.text)
    .text                                    0x080009cc   Section        0  led.o(.text)
    .text                                    0x08000a18   Section        0  key.o(.text)
    .text                                    0x08000b50   Section        0  rand.o(.text)
    .text                                    0x08000c3c   Section        0  beep.o(.text)
    .text                                    0x08000c74   Section        0  lcd_4_3.o(.text)
    .text                                    0x080056b0   Section        0  delay.o(.text)
    .text                                    0x080057b4   Section        0  usart.o(.text)
    .text                                    0x080058f4   Section       64  startup_stm32f10x_hd.o(.text)
    .text                                    0x08005934   Section        0  misc.o(.text)
    .text                                    0x08005a10   Section        0  stm32f10x_fsmc.o(.text)
    .text                                    0x0800601c   Section        0  stm32f10x_gpio.o(.text)
    .text                                    0x08006378   Section        0  stm32f10x_rcc.o(.text)
    .text                                    0x0800671c   Section        0  stm32f10x_usart.o(.text)
    .text                                    0x08006b24   Section        0  stm32f10x_adc.o(.text)
    .text                                    0x08006f72   Section        0  list.o(.text)
    .text                                    0x08007008   Section        0  queue.o(.text)
    prvInitialiseNewQueue                    0x08007091   Thumb Code    46  queue.o(.text)
    prvCopyDataToQueue                       0x0800710d   Thumb Code   124  queue.o(.text)
    prvNotifyQueueSetContainer               0x08007189   Thumb Code   124  queue.o(.text)
    prvUnlockQueue                           0x08007205   Thumb Code   146  queue.o(.text)
    prvIsQueueFull                           0x08007297   Thumb Code    30  queue.o(.text)
    prvInitialiseMutex                       0x0800747d   Thumb Code    28  queue.o(.text)
    prvIsQueueEmpty                          0x080074fd   Thumb Code    26  queue.o(.text)
    prvCopyDataFromQueue                     0x08007517   Thumb Code    42  queue.o(.text)
    .text                                    0x08007d14   Section        0  tasks.o(.text)
    prvInitialiseTaskLists                   0x08007d15   Thumb Code    70  tasks.o(.text)
    prvAddNewTaskToReadyList                 0x08007d5b   Thumb Code   156  tasks.o(.text)
    prvInitialiseNewTask                     0x08007df7   Thumb Code   170  tasks.o(.text)
    prvResetNextTaskUnblockTime              0x08007f01   Thumb Code    42  tasks.o(.text)
    prvDeleteTCB                             0x08007f2b   Thumb Code    18  tasks.o(.text)
    prvAddCurrentTaskToDelayedList           0x0800825f   Thumb Code   124  tasks.o(.text)
    prvTaskIsTaskSuspended                   0x0800871f   Thumb Code    76  tasks.o(.text)
    prvCheckTasksWaitingTermination          0x0800887d   Thumb Code    86  tasks.o(.text)
    prvIdleTask                              0x080088d3   Thumb Code    32  tasks.o(.text)
    prvTaskCheckFreeStackSpace               0x08008a11   Thumb Code    22  tasks.o(.text)
    prvListTasksWithinSingleList             0x08008a99   Thumb Code   106  tasks.o(.text)
    prvWriteNameToBuffer                     0x08008fc3   Thumb Code    42  tasks.o(.text)
    .text                                    0x08009534   Section        0  timers.o(.text)
    prvInsertTimerInActiveList               0x08009535   Thumb Code    80  timers.o(.text)
    prvSwitchTimerLists                      0x080095fb   Thumb Code   140  timers.o(.text)
    prvSampleTimeNow                         0x08009687   Thumb Code    40  timers.o(.text)
    prvProcessReceivedCommands               0x080096af   Thumb Code   254  timers.o(.text)
    prvProcessExpiredTimer                   0x080097ad   Thumb Code    84  timers.o(.text)
    prvProcessTimerOrBlockTask               0x08009801   Thumb Code   102  timers.o(.text)
    prvGetNextExpireTime                     0x08009867   Thumb Code    36  timers.o(.text)
    prvTimerTask                             0x0800988b   Thumb Code    26  timers.o(.text)
    prvCheckForValidListAndQueue             0x080098a5   Thumb Code    72  timers.o(.text)
    prvInitialiseNewTimer                    0x08009925   Thumb Code   166  timers.o(.text)
    .text                                    0x08009b74   Section        0  heap_4.o(.text)
    prvInsertBlockIntoFreeList               0x08009b75   Thumb Code    96  heap_4.o(.text)
    prvHeapInit                              0x08009bd5   Thumb Code    98  heap_4.o(.text)
    .text                                    0x08009e14   Section        0  port.o(.text)
    prvTaskExitError                         0x08009e15   Thumb Code    48  port.o(.text)
    .text                                    0x0800a080   Section        2  use_no_semi_2.o(.text)
    .text                                    0x0800a084   Section        0  noretval__2printf.o(.text)
    .text                                    0x0800a09c   Section        0  noretval__2sprintf.o(.text)
    .text                                    0x0800a0c4   Section        0  __printf.o(.text)
    .text                                    0x0800a12c   Section        0  _printf_str.o(.text)
    .text                                    0x0800a180   Section        0  _printf_dec.o(.text)
    .text                                    0x0800a1f8   Section        0  strcpy.o(.text)
    .text                                    0x0800a240   Section        0  strlen.o(.text)
    .text                                    0x0800a27e   Section      138  rt_memcpy_v6.o(.text)
    .text                                    0x0800a308   Section       16  aeabi_memset.o(.text)
    .text                                    0x0800a318   Section        0  heapauxi.o(.text)
    .text                                    0x0800a31e   Section        2  use_no_semi.o(.text)
    .text                                    0x0800a320   Section        0  _printf_intcommon.o(.text)
    .text                                    0x0800a3d4   Section        0  _printf_char_common.o(.text)
    _printf_input_char                       0x0800a3d5   Thumb Code    10  _printf_char_common.o(.text)
    .text                                    0x0800a404   Section        0  _sputc.o(.text)
    .text                                    0x0800a40e   Section        0  _printf_char.o(.text)
    .text                                    0x0800a43c   Section        0  _printf_char_file.o(.text)
    .text                                    0x0800a460   Section      100  rt_memcpy_w.o(.text)
    .text                                    0x0800a4c4   Section       68  rt_memclr.o(.text)
    .text                                    0x0800a508   Section        0  ferror.o(.text)
    .text                                    0x0800a510   Section       78  rt_memclr_w.o(.text)
    .text                                    0x0800a55e   Section       74  sys_stackheap_outer.o(.text)
    .text                                    0x0800a5a8   Section        0  exit.o(.text)
    .text                                    0x0800a5b4   Section        8  libspace.o(.text)
    x$fpl$dfixu                              0x0800a5bc   Section       90  dfixu.o(x$fpl$dfixu)
    x$fpl$dfltu                              0x0800a616   Section       38  dflt_clz.o(x$fpl$dfltu)
    x$fpl$dmul                               0x0800a63c   Section      340  dmul.o(x$fpl$dmul)
    x$fpl$dnaninf                            0x0800a790   Section      156  dnaninf.o(x$fpl$dnaninf)
    x$fpl$dretinf                            0x0800a82c   Section       12  dretinf.o(x$fpl$dretinf)
    .constdata                               0x0800a838   Section     6080  lcd_4_3.o(.constdata)
    x$fpl$usenofp                            0x0800a838   Section        0  usenofp.o(x$fpl$usenofp)
    .data                                    0x20000000   Section       44  main.o(.data)
    .data                                    0x2000002c   Section       20  system_stm32f10x.o(.data)
    .data                                    0x20000040   Section        1  key.o(.data)
    key_up                                   0x20000040   Data           1  key.o(.data)
    .data                                    0x20000042   Section        4  lcd_4_3.o(.data)
    .data                                    0x20000046   Section        4  delay.o(.data)
    fac_us                                   0x20000046   Data           1  delay.o(.data)
    fac_ms                                   0x20000048   Data           2  delay.o(.data)
    .data                                    0x2000004c   Section        6  usart.o(.data)
    .data                                    0x20000052   Section       20  stm32f10x_rcc.o(.data)
    APBAHBPrescTable                         0x20000052   Data          16  stm32f10x_rcc.o(.data)
    ADCPrescTable                            0x20000062   Data           4  stm32f10x_rcc.o(.data)
    .data                                    0x20000068   Section       60  tasks.o(.data)
    pxDelayedTaskList                        0x2000006c   Data           4  tasks.o(.data)
    pxOverflowDelayedTaskList                0x20000070   Data           4  tasks.o(.data)
    uxDeletedTasksWaitingCleanUp             0x20000074   Data           4  tasks.o(.data)
    uxCurrentNumberOfTasks                   0x20000078   Data           4  tasks.o(.data)
    xTickCount                               0x2000007c   Data           4  tasks.o(.data)
    uxTopReadyPriority                       0x20000080   Data           4  tasks.o(.data)
    xSchedulerRunning                        0x20000084   Data           4  tasks.o(.data)
    uxPendedTicks                            0x20000088   Data           4  tasks.o(.data)
    xYieldPending                            0x2000008c   Data           4  tasks.o(.data)
    xNumOfOverflows                          0x20000090   Data           4  tasks.o(.data)
    uxTaskNumber                             0x20000094   Data           4  tasks.o(.data)
    xNextTaskUnblockTime                     0x20000098   Data           4  tasks.o(.data)
    xIdleTaskHandle                          0x2000009c   Data           4  tasks.o(.data)
    uxSchedulerSuspended                     0x200000a0   Data           4  tasks.o(.data)
    .data                                    0x200000a4   Section       20  timers.o(.data)
    pxCurrentTimerList                       0x200000a4   Data           4  timers.o(.data)
    pxOverflowTimerList                      0x200000a8   Data           4  timers.o(.data)
    xTimerQueue                              0x200000ac   Data           4  timers.o(.data)
    xTimerTaskHandle                         0x200000b0   Data           4  timers.o(.data)
    xLastTime                                0x200000b4   Data           4  timers.o(.data)
    .data                                    0x200000b8   Section       24  heap_4.o(.data)
    xStart                                   0x200000b8   Data           8  heap_4.o(.data)
    pxEnd                                    0x200000c0   Data           4  heap_4.o(.data)
    xFreeBytesRemaining                      0x200000c4   Data           4  heap_4.o(.data)
    xMinimumEverFreeBytesRemaining           0x200000c8   Data           4  heap_4.o(.data)
    xBlockAllocatedBit                       0x200000cc   Data           4  heap_4.o(.data)
    .data                                    0x200000d0   Section       12  port.o(.data)
    uxCriticalNesting                        0x200000d0   Data           4  port.o(.data)
    ucMaxSysCallPriority                     0x200000d4   Data           1  port.o(.data)
    ulMaxPRIGROUPValue                       0x200000d8   Data           4  port.o(.data)
    .bss                                     0x200000dc   Section      420  main.o(.bss)
    .bss                                     0x20000280   Section       14  lcd_4_3.o(.bss)
    .bss                                     0x2000028e   Section      200  usart.o(.bss)
    .bss                                     0x20000358   Section       64  queue.o(.bss)
    .bss                                     0x20000398   Section      740  tasks.o(.bss)
    pxReadyTasksLists                        0x20000398   Data         640  tasks.o(.bss)
    xDelayedTaskList1                        0x20000618   Data          20  tasks.o(.bss)
    xDelayedTaskList2                        0x2000062c   Data          20  tasks.o(.bss)
    xPendingReadyList                        0x20000640   Data          20  tasks.o(.bss)
    xTasksWaitingTermination                 0x20000654   Data          20  tasks.o(.bss)
    xSuspendedTaskList                       0x20000668   Data          20  tasks.o(.bss)
    .bss                                     0x2000067c   Section       40  timers.o(.bss)
    xActiveTimerList1                        0x2000067c   Data          20  timers.o(.bss)
    xActiveTimerList2                        0x20000690   Data          20  timers.o(.bss)
    .bss                                     0x200006a4   Section    20480  heap_4.o(.bss)
    ucHeap                                   0x200006a4   Data       20480  heap_4.o(.bss)
    .bss                                     0x200056a4   Section       96  libspace.o(.bss)
    HEAP                                     0x20005708   Section      512  startup_stm32f10x_hd.o(HEAP)
    Heap_Mem                                 0x20005708   Data         512  startup_stm32f10x_hd.o(HEAP)
    STACK                                    0x20005908   Section     1024  startup_stm32f10x_hd.o(STACK)
    Stack_Mem                                0x20005908   Data        1024  startup_stm32f10x_hd.o(STACK)
    __initial_sp                             0x20005d08   Data           0  startup_stm32f10x_hd.o(STACK)

    Global Symbols

    Symbol Name                              Value     Ov Type        Size  Object(Section)

    BuildAttributes$$THM_ISAv4$P$D$K$B$S$PE$A:L22UL41UL21$X:L11$S22US41US21$IEEE1$IW$USESV6$~STKCKD$USESV7$~SHL$OSPACE$ROPI$EBA8$UX$STANDARDLIB$REQ8$PRES8$EABIv2 0x00000000   Number         0  anon$$obj.o ABSOLUTE
    __ARM_use_no_argv                        0x00000000   Number         0  main.o ABSOLUTE
    __ARM_exceptions_init                     - Undefined Weak Reference
    __alloca_initialize                       - Undefined Weak Reference
    __arm_preinit_                            - Undefined Weak Reference
    __cpp_initialize__aeabi_                  - Undefined Weak Reference
    __cxa_finalize                            - Undefined Weak Reference
    __rt_locale                               - Undefined Weak Reference
    __sigvec_lookup                           - Undefined Weak Reference
    _atexit_init                              - Undefined Weak Reference
    _call_atexit_fns                          - Undefined Weak Reference
    _clock_init                               - Undefined Weak Reference
    _fp_trap_init                             - Undefined Weak Reference
    _fp_trap_shutdown                         - Undefined Weak Reference
    _get_lc_collate                           - Undefined Weak Reference
    _get_lc_ctype                             - Undefined Weak Reference
    _get_lc_monetary                          - Undefined Weak Reference
    _get_lc_numeric                           - Undefined Weak Reference
    _get_lc_time                              - Undefined Weak Reference
    _getenv_init                              - Undefined Weak Reference
    _handle_redirection                       - Undefined Weak Reference
    _init_alloc                               - Undefined Weak Reference
    _init_user_alloc                          - Undefined Weak Reference
    _initio                                   - Undefined Weak Reference
    _mutex_acquire                            - Undefined Weak Reference
    _mutex_release                            - Undefined Weak Reference
    _printf_mbtowc                            - Undefined Weak Reference
    _printf_post_padding                      - Undefined Weak Reference
    _printf_pre_padding                       - Undefined Weak Reference
    _printf_truncate_signed                   - Undefined Weak Reference
    _printf_truncate_unsigned                 - Undefined Weak Reference
    _rand_init                                - Undefined Weak Reference
    _signal_finish                            - Undefined Weak Reference
    _signal_init                              - Undefined Weak Reference
    _terminate_alloc                          - Undefined Weak Reference
    _terminate_user_alloc                     - Undefined Weak Reference
    _terminateio                              - Undefined Weak Reference
    __Vectors_Size                           0x00000130   Number         0  startup_stm32f10x_hd.o ABSOLUTE
    __Vectors                                0x08000000   Data           4  startup_stm32f10x_hd.o(RESET)
    __Vectors_End                            0x08000130   Data           0  startup_stm32f10x_hd.o(RESET)
    __main                                   0x08000131   Thumb Code     8  __main.o(!!!main)
    __scatterload                            0x08000139   Thumb Code     0  __scatter.o(!!!scatter)
    __scatterload_rt2                        0x08000139   Thumb Code    44  __scatter.o(!!!scatter)
    __scatterload_rt2_thumb_only             0x08000139   Thumb Code     0  __scatter.o(!!!scatter)
    __scatterload_null                       0x08000147   Thumb Code     0  __scatter.o(!!!scatter)
    __scatterload_copy                       0x0800016d   Thumb Code    26  __scatter_copy.o(!!handler_copy)
    __scatterload_zeroinit                   0x08000189   Thumb Code    28  __scatter_zi.o(!!handler_zi)
    _printf_d                                0x080001a5   Thumb Code     0  _printf_d.o(.ARM.Collect$$_printf_percent$$00000009)
    _printf_percent                          0x080001a5   Thumb Code     0  _printf_percent.o(.ARM.Collect$$_printf_percent$$00000000)
    _printf_u                                0x080001ab   Thumb Code     0  _printf_u.o(.ARM.Collect$$_printf_percent$$0000000A)
    _printf_c                                0x080001b1   Thumb Code     0  _printf_c.o(.ARM.Collect$$_printf_percent$$00000013)
    _printf_s                                0x080001b7   Thumb Code     0  _printf_s.o(.ARM.Collect$$_printf_percent$$00000014)
    _printf_percent_end                      0x080001bd   Thumb Code     0  _printf_percent_end.o(.ARM.Collect$$_printf_percent$$00000017)
    __rt_lib_init                            0x080001c1   Thumb Code     0  libinit.o(.ARM.Collect$$libinit$$00000000)
    __rt_lib_init_alloca_1                   0x080001c3   Thumb Code     0  libinit2.o(.ARM.Collect$$libinit$$0000002E)
    __rt_lib_init_argv_1                     0x080001c3   Thumb Code     0  libinit2.o(.ARM.Collect$$libinit$$0000002C)
    __rt_lib_init_atexit_1                   0x080001c3   Thumb Code     0  libinit2.o(.ARM.Collect$$libinit$$0000001B)
    __rt_lib_init_clock_1                    0x080001c3   Thumb Code     0  libinit2.o(.ARM.Collect$$libinit$$00000021)
    __rt_lib_init_cpp_1                      0x080001c3   Thumb Code     0  libinit2.o(.ARM.Collect$$libinit$$00000032)
    __rt_lib_init_exceptions_1               0x080001c3   Thumb Code     0  libinit2.o(.ARM.Collect$$libinit$$00000030)
    __rt_lib_init_fp_1                       0x080001c3   Thumb Code     0  libinit2.o(.ARM.Collect$$libinit$$00000002)
    __rt_lib_init_fp_trap_1                  0x080001c3   Thumb Code     0  libinit2.o(.ARM.Collect$$libinit$$0000001F)
    __rt_lib_init_getenv_1                   0x080001c3   Thumb Code     0  libinit2.o(.ARM.Collect$$libinit$$00000023)
    __rt_lib_init_heap_1                     0x080001c3   Thumb Code     0  libinit2.o(.ARM.Collect$$libinit$$0000000A)
    __rt_lib_init_lc_collate_1               0x080001c3   Thumb Code     0  libinit2.o(.ARM.Collect$$libinit$$00000011)
    __rt_lib_init_lc_ctype_1                 0x080001c3   Thumb Code     0  libinit2.o(.ARM.Collect$$libinit$$00000013)
    __rt_lib_init_lc_monetary_1              0x080001c3   Thumb Code     0  libinit2.o(.ARM.Collect$$libinit$$00000015)
    __rt_lib_init_lc_numeric_1               0x080001c3   Thumb Code     0  libinit2.o(.ARM.Collect$$libinit$$00000017)
    __rt_lib_init_lc_time_1                  0x080001c3   Thumb Code     0  libinit2.o(.ARM.Collect$$libinit$$00000019)
    __rt_lib_init_preinit_1                  0x080001c3   Thumb Code     0  libinit2.o(.ARM.Collect$$libinit$$00000004)
    __rt_lib_init_rand_1                     0x080001c3   Thumb Code     0  libinit2.o(.ARM.Collect$$libinit$$0000000E)
    __rt_lib_init_return                     0x080001c3   Thumb Code     0  libinit2.o(.ARM.Collect$$libinit$$00000033)
    __rt_lib_init_signal_1                   0x080001c3   Thumb Code     0  libinit2.o(.ARM.Collect$$libinit$$0000001D)
    __rt_lib_init_stdio_1                    0x080001c3   Thumb Code     0  libinit2.o(.ARM.Collect$$libinit$$00000025)
    __rt_lib_init_user_alloc_1               0x080001c3   Thumb Code     0  libinit2.o(.ARM.Collect$$libinit$$0000000C)
    __rt_lib_shutdown                        0x080001c5   Thumb Code     0  libshutdown.o(.ARM.Collect$$libshutdown$$00000000)
    __rt_lib_shutdown_fp_trap_1              0x080001c7   Thumb Code     0  libshutdown2.o(.ARM.Collect$$libshutdown$$00000006)
    __rt_lib_shutdown_heap_1                 0x080001c7   Thumb Code     0  libshutdown2.o(.ARM.Collect$$libshutdown$$0000000E)
    __rt_lib_shutdown_return                 0x080001c7   Thumb Code     0  libshutdown2.o(.ARM.Collect$$libshutdown$$0000000F)
    __rt_lib_shutdown_signal_1               0x080001c7   Thumb Code     0  libshutdown2.o(.ARM.Collect$$libshutdown$$00000009)
    __rt_lib_shutdown_stdio_1                0x080001c7   Thumb Code     0  libshutdown2.o(.ARM.Collect$$libshutdown$$00000003)
    __rt_lib_shutdown_user_alloc_1           0x080001c7   Thumb Code     0  libshutdown2.o(.ARM.Collect$$libshutdown$$0000000B)
    __rt_entry                               0x080001c9   Thumb Code     0  __rtentry.o(.ARM.Collect$$rtentry$$00000000)
    __rt_entry_presh_1                       0x080001c9   Thumb Code     0  __rtentry2.o(.ARM.Collect$$rtentry$$00000002)
    __rt_entry_sh                            0x080001c9   Thumb Code     0  __rtentry4.o(.ARM.Collect$$rtentry$$00000004)
    __rt_entry_li                            0x080001cf   Thumb Code     0  __rtentry2.o(.ARM.Collect$$rtentry$$0000000A)
    __rt_entry_postsh_1                      0x080001cf   Thumb Code     0  __rtentry2.o(.ARM.Collect$$rtentry$$00000009)
    __rt_entry_main                          0x080001d3   Thumb Code     0  __rtentry2.o(.ARM.Collect$$rtentry$$0000000D)
    __rt_entry_postli_1                      0x080001d3   Thumb Code     0  __rtentry2.o(.ARM.Collect$$rtentry$$0000000C)
    __rt_exit                                0x080001db   Thumb Code     0  rtexit.o(.ARM.Collect$$rtexit$$00000000)
    __rt_exit_ls                             0x080001dd   Thumb Code     0  rtexit2.o(.ARM.Collect$$rtexit$$00000003)
    __rt_exit_prels_1                        0x080001dd   Thumb Code     0  rtexit2.o(.ARM.Collect$$rtexit$$00000002)
    __rt_exit_exit                           0x080001e1   Thumb Code     0  rtexit2.o(.ARM.Collect$$rtexit$$00000004)
    SVC_Handler                              0x080001e9   Thumb Code    32  port.o(.emb_text)
    __asm___6_port_c_39a90d8d__prvStartFirstTask 0x0800020d   Thumb Code    28  port.o(.emb_text)
    PendSV_Handler                           0x0800022d   Thumb Code    72  port.o(.emb_text)
    vPortGetIPSR                             0x08000279   Thumb Code     6  port.o(.emb_text)
    Snake_Init                               0x08000281   Thumb Code    40  main.o(.text)
    Apple_Init                               0x080002a9   Thumb Code     6  main.o(.text)
    Event_Init                               0x080002af   Thumb Code    12  main.o(.text)
    Display                                  0x080002bb   Thumb Code    52  main.o(.text)
    DisplayInit                              0x080002ef   Thumb Code   100  main.o(.text)
    GameOver                                 0x08000353   Thumb Code    56  main.o(.text)
    key_task                                 0x0800038b   Thumb Code    98  main.o(.text)
    led_task                                 0x080003ed   Thumb Code    32  main.o(.text)
    display_task                             0x0800040d   Thumb Code   238  main.o(.text)
    event_task                               0x080004fb   Thumb Code   236  main.o(.text)
    apple_task                               0x080005e7   Thumb Code   126  main.o(.text)
    start_task                               0x08000665   Thumb Code   256  main.o(.text)
    main                                     0x08000765   Thumb Code    86  main.o(.text)
    NMI_Handler                              0x080007d9   Thumb Code     2  stm32f10x_it.o(.text)
    HardFault_Handler                        0x080007db   Thumb Code     4  stm32f10x_it.o(.text)
    MemManage_Handler                        0x080007df   Thumb Code     4  stm32f10x_it.o(.text)
    BusFault_Handler                         0x080007e3   Thumb Code     4  stm32f10x_it.o(.text)
    UsageFault_Handler                       0x080007e7   Thumb Code     4  stm32f10x_it.o(.text)
    DebugMon_Handler                         0x080007eb   Thumb Code     2  stm32f10x_it.o(.text)
    SystemInit                               0x080008cb   Thumb Code    78  system_stm32f10x.o(.text)
    SystemCoreClockUpdate                    0x08000919   Thumb Code   142  system_stm32f10x.o(.text)
    LED_Init                                 0x080009cd   Thumb Code    68  led.o(.text)
    KEY_Init                                 0x08000a19   Thumb Code   108  key.o(.text)
    KEY_Scan                                 0x08000a85   Thumb Code   188  key.o(.text)
    Rand_Adc_Init                            0x08000b51   Thumb Code   132  rand.o(.text)
    Get_Adc                                  0x08000bd5   Thumb Code    46  rand.o(.text)
    Get_Rand                                 0x08000c03   Thumb Code    50  rand.o(.text)
    BEEP_Init                                0x08000c3d   Thumb Code    50  beep.o(.text)
    LCD_WR_REG                               0x08000c75   Thumb Code     6  lcd_4_3.o(.text)
    LCD_WR_DATA                              0x08000c7b   Thumb Code     8  lcd_4_3.o(.text)
    LCD_RD_DATA                              0x08000c83   Thumb Code    16  lcd_4_3.o(.text)
    LCD_WriteReg                             0x08000c93   Thumb Code    10  lcd_4_3.o(.text)
    LCD_ReadReg                              0x08000c9d   Thumb Code    22  lcd_4_3.o(.text)
    LCD_WriteRAM_Prepare                     0x08000cb3   Thumb Code    10  lcd_4_3.o(.text)
    LCD_WriteRAM                             0x08000cbd   Thumb Code     8  lcd_4_3.o(.text)
    LCD_BGR2RGB                              0x08000cc5   Thumb Code    26  lcd_4_3.o(.text)
    opt_delay                                0x08000cdf   Thumb Code    14  lcd_4_3.o(.text)
    LCD_SetCursor                            0x08000ced   Thumb Code   418  lcd_4_3.o(.text)
    LCD_ReadPoint                            0x08000e8f   Thumb Code   360  lcd_4_3.o(.text)
    LCD_DisplayOn                            0x08000ff7   Thumb Code   102  lcd_4_3.o(.text)
    LCD_DisplayOff                           0x0800105d   Thumb Code    90  lcd_4_3.o(.text)
    LCD_Scan_Dir                             0x080010b7   Thumb Code   744  lcd_4_3.o(.text)
    LCD_DrawPoint                            0x0800139f   Thumb Code    28  lcd_4_3.o(.text)
    LCD_Fast_DrawPoint                       0x080013bb   Thumb Code   384  lcd_4_3.o(.text)
    LCD_SSD_BackLightSet                     0x0800153b   Thumb Code    80  lcd_4_3.o(.text)
    LCD_Display_Dir                          0x0800158b   Thumb Code   444  lcd_4_3.o(.text)
    LCD_Set_Window                           0x08001747   Thumb Code   540  lcd_4_3.o(.text)
    LCD_Clear                                0x08001963   Thumb Code   100  lcd_4_3.o(.text)
    LCD_Init                                 0x080019c7   Thumb Code 14156  lcd_4_3.o(.text)
    LCD_Fill                                 0x08005113   Thumb Code   178  lcd_4_3.o(.text)
    LCD_Color_Fill                           0x080051c5   Thumb Code   106  lcd_4_3.o(.text)
    LCD_DrawLine                             0x0800522f   Thumb Code   176  lcd_4_3.o(.text)
    LCD_DrawRectangle                        0x080052df   Thumb Code    60  lcd_4_3.o(.text)
    LCD_Draw_Circle                          0x0800531b   Thumb Code   152  lcd_4_3.o(.text)
    LCD_ShowChar                             0x080053b3   Thumb Code   272  lcd_4_3.o(.text)
    LCD_Pow                                  0x080054c3   Thumb Code    22  lcd_4_3.o(.text)
    LCD_ShowNum                              0x080054d9   Thumb Code   148  lcd_4_3.o(.text)
    LCD_ShowxNum                             0x0800556d   Thumb Code   220  lcd_4_3.o(.text)
    LCD_ShowString                           0x08005649   Thumb Code   102  lcd_4_3.o(.text)
    SysTick_Handler                          0x080056b1   Thumb Code    16  delay.o(.text)
    delay_init                               0x080056c1   Thumb Code    74  delay.o(.text)
    delay_us                                 0x0800570b   Thumb Code    68  delay.o(.text)
    delay_ms                                 0x0800574f   Thumb Code    60  delay.o(.text)
    delay_xms                                0x0800578b   Thumb Code    24  delay.o(.text)
    _sys_exit                                0x080057b5   Thumb Code     4  usart.o(.text)
    fputc                                    0x080057b9   Thumb Code    24  usart.o(.text)
    uart_init                                0x080057d1   Thumb Code   152  usart.o(.text)
    USART1_IRQHandler                        0x08005869   Thumb Code   122  usart.o(.text)
    Reset_Handler                            0x080058f5   Thumb Code     8  startup_stm32f10x_hd.o(.text)
    ADC1_2_IRQHandler                        0x0800590f   Thumb Code     0  startup_stm32f10x_hd.o(.text)
    ADC3_IRQHandler                          0x0800590f   Thumb Code     0  startup_stm32f10x_hd.o(.text)
    CAN1_RX1_IRQHandler                      0x0800590f   Thumb Code     0  startup_stm32f10x_hd.o(.text)
    CAN1_SCE_IRQHandler                      0x0800590f   Thumb Code     0  startup_stm32f10x_hd.o(.text)
    DMA1_Channel1_IRQHandler                 0x0800590f   Thumb Code     0  startup_stm32f10x_hd.o(.text)
    DMA1_Channel2_IRQHandler                 0x0800590f   Thumb Code     0  startup_stm32f10x_hd.o(.text)
    DMA1_Channel3_IRQHandler                 0x0800590f   Thumb Code     0  startup_stm32f10x_hd.o(.text)
    DMA1_Channel4_IRQHandler                 0x0800590f   Thumb Code     0  startup_stm32f10x_hd.o(.text)
    DMA1_Channel5_IRQHandler                 0x0800590f   Thumb Code     0  startup_stm32f10x_hd.o(.text)
    DMA1_Channel6_IRQHandler                 0x0800590f   Thumb Code     0  startup_stm32f10x_hd.o(.text)
    DMA1_Channel7_IRQHandler                 0x0800590f   Thumb Code     0  startup_stm32f10x_hd.o(.text)
    DMA2_Channel1_IRQHandler                 0x0800590f   Thumb Code     0  startup_stm32f10x_hd.o(.text)
    DMA2_Channel2_IRQHandler                 0x0800590f   Thumb Code     0  startup_stm32f10x_hd.o(.text)
    DMA2_Channel3_IRQHandler                 0x0800590f   Thumb Code     0  startup_stm32f10x_hd.o(.text)
    DMA2_Channel4_5_IRQHandler               0x0800590f   Thumb Code     0  startup_stm32f10x_hd.o(.text)
    EXTI0_IRQHandler                         0x0800590f   Thumb Code     0  startup_stm32f10x_hd.o(.text)
    EXTI15_10_IRQHandler                     0x0800590f   Thumb Code     0  startup_stm32f10x_hd.o(.text)
    EXTI1_IRQHandler                         0x0800590f   Thumb Code     0  startup_stm32f10x_hd.o(.text)
    EXTI2_IRQHandler                         0x0800590f   Thumb Code     0  startup_stm32f10x_hd.o(.text)
    EXTI3_IRQHandler                         0x0800590f   Thumb Code     0  startup_stm32f10x_hd.o(.text)
    EXTI4_IRQHandler                         0x0800590f   Thumb Code     0  startup_stm32f10x_hd.o(.text)
    EXTI9_5_IRQHandler                       0x0800590f   Thumb Code     0  startup_stm32f10x_hd.o(.text)
    FLASH_IRQHandler                         0x0800590f   Thumb Code     0  startup_stm32f10x_hd.o(.text)
    FSMC_IRQHandler                          0x0800590f   Thumb Code     0  startup_stm32f10x_hd.o(.text)
    I2C1_ER_IRQHandler                       0x0800590f   Thumb Code     0  startup_stm32f10x_hd.o(.text)
    I2C1_EV_IRQHandler                       0x0800590f   Thumb Code     0  startup_stm32f10x_hd.o(.text)
    I2C2_ER_IRQHandler                       0x0800590f   Thumb Code     0  startup_stm32f10x_hd.o(.text)
    I2C2_EV_IRQHandler                       0x0800590f   Thumb Code     0  startup_stm32f10x_hd.o(.text)
    PVD_IRQHandler                           0x0800590f   Thumb Code     0  startup_stm32f10x_hd.o(.text)
    RCC_IRQHandler                           0x0800590f   Thumb Code     0  startup_stm32f10x_hd.o(.text)
    RTCAlarm_IRQHandler                      0x0800590f   Thumb Code     0  startup_stm32f10x_hd.o(.text)
    RTC_IRQHandler                           0x0800590f   Thumb Code     0  startup_stm32f10x_hd.o(.text)
    SDIO_IRQHandler                          0x0800590f   Thumb Code     0  startup_stm32f10x_hd.o(.text)
    SPI1_IRQHandler                          0x0800590f   Thumb Code     0  startup_stm32f10x_hd.o(.text)
    SPI2_IRQHandler                          0x0800590f   Thumb Code     0  startup_stm32f10x_hd.o(.text)
    SPI3_IRQHandler                          0x0800590f   Thumb Code     0  startup_stm32f10x_hd.o(.text)
    TAMPER_IRQHandler                        0x0800590f   Thumb Code     0  startup_stm32f10x_hd.o(.text)
    TIM1_BRK_IRQHandler                      0x0800590f   Thumb Code     0  startup_stm32f10x_hd.o(.text)
    TIM1_CC_IRQHandler                       0x0800590f   Thumb Code     0  startup_stm32f10x_hd.o(.text)
    TIM1_TRG_COM_IRQHandler                  0x0800590f   Thumb Code     0  startup_stm32f10x_hd.o(.text)
    TIM1_UP_IRQHandler                       0x0800590f   Thumb Code     0  startup_stm32f10x_hd.o(.text)
    TIM2_IRQHandler                          0x0800590f   Thumb Code     0  startup_stm32f10x_hd.o(.text)
    TIM3_IRQHandler                          0x0800590f   Thumb Code     0  startup_stm32f10x_hd.o(.text)
    TIM4_IRQHandler                          0x0800590f   Thumb Code     0  startup_stm32f10x_hd.o(.text)
    TIM5_IRQHandler                          0x0800590f   Thumb Code     0  startup_stm32f10x_hd.o(.text)
    TIM6_IRQHandler                          0x0800590f   Thumb Code     0  startup_stm32f10x_hd.o(.text)
    TIM7_IRQHandler                          0x0800590f   Thumb Code     0  startup_stm32f10x_hd.o(.text)
    TIM8_BRK_IRQHandler                      0x0800590f   Thumb Code     0  startup_stm32f10x_hd.o(.text)
    TIM8_CC_IRQHandler                       0x0800590f   Thumb Code     0  startup_stm32f10x_hd.o(.text)
    TIM8_TRG_COM_IRQHandler                  0x0800590f   Thumb Code     0  startup_stm32f10x_hd.o(.text)
    TIM8_UP_IRQHandler                       0x0800590f   Thumb Code     0  startup_stm32f10x_hd.o(.text)
    UART4_IRQHandler                         0x0800590f   Thumb Code     0  startup_stm32f10x_hd.o(.text)
    UART5_IRQHandler                         0x0800590f   Thumb Code     0  startup_stm32f10x_hd.o(.text)
    USART2_IRQHandler                        0x0800590f   Thumb Code     0  startup_stm32f10x_hd.o(.text)
    USART3_IRQHandler                        0x0800590f   Thumb Code     0  startup_stm32f10x_hd.o(.text)
    USBWakeUp_IRQHandler                     0x0800590f   Thumb Code     0  startup_stm32f10x_hd.o(.text)
    USB_HP_CAN1_TX_IRQHandler                0x0800590f   Thumb Code     0  startup_stm32f10x_hd.o(.text)
    USB_LP_CAN1_RX0_IRQHandler               0x0800590f   Thumb Code     0  startup_stm32f10x_hd.o(.text)
    WWDG_IRQHandler                          0x0800590f   Thumb Code     0  startup_stm32f10x_hd.o(.text)
    __user_initial_stackheap                 0x08005911   Thumb Code     0  startup_stm32f10x_hd.o(.text)
    NVIC_PriorityGroupConfig                 0x08005935   Thumb Code    10  misc.o(.text)
    NVIC_Init                                0x0800593f   Thumb Code   100  misc.o(.text)
    NVIC_SetVectorTable                      0x080059a3   Thumb Code    14  misc.o(.text)
    NVIC_SystemLPConfig                      0x080059b1   Thumb Code    34  misc.o(.text)
    SysTick_CLKSourceConfig                  0x080059d3   Thumb Code    40  misc.o(.text)
    FSMC_NORSRAMDeInit                       0x08005a11   Thumb Code    54  stm32f10x_fsmc.o(.text)
    FSMC_NANDDeInit                          0x08005a47   Thumb Code    62  stm32f10x_fsmc.o(.text)
    FSMC_PCCARDDeInit                        0x08005a85   Thumb Code    36  stm32f10x_fsmc.o(.text)
    FSMC_NORSRAMInit                         0x08005aa9   Thumb Code   230  stm32f10x_fsmc.o(.text)
    FSMC_NANDInit                            0x08005b8f   Thumb Code   132  stm32f10x_fsmc.o(.text)
    FSMC_PCCARDInit                          0x08005c13   Thumb Code   130  stm32f10x_fsmc.o(.text)
    FSMC_NORSRAMStructInit                   0x08005c95   Thumb Code   114  stm32f10x_fsmc.o(.text)
    FSMC_NANDStructInit                      0x08005d07   Thumb Code    54  stm32f10x_fsmc.o(.text)
    FSMC_PCCARDStructInit                    0x08005d3d   Thumb Code    60  stm32f10x_fsmc.o(.text)
    FSMC_NORSRAMCmd                          0x08005d79   Thumb Code    46  stm32f10x_fsmc.o(.text)
    FSMC_NANDCmd                             0x08005da7   Thumb Code    86  stm32f10x_fsmc.o(.text)
    FSMC_PCCARDCmd                           0x08005dfd   Thumb Code    44  stm32f10x_fsmc.o(.text)
    FSMC_NANDECCCmd                          0x08005e29   Thumb Code    90  stm32f10x_fsmc.o(.text)
    FSMC_GetECC                              0x08005e83   Thumb Code    24  stm32f10x_fsmc.o(.text)
    FSMC_ITConfig                            0x08005e9b   Thumb Code   128  stm32f10x_fsmc.o(.text)
    FSMC_GetFlagStatus                       0x08005f1b   Thumb Code    54  stm32f10x_fsmc.o(.text)
    FSMC_ClearFlag                           0x08005f51   Thumb Code    62  stm32f10x_fsmc.o(.text)
    FSMC_GetITStatus                         0x08005f8f   Thumb Code    64  stm32f10x_fsmc.o(.text)
    FSMC_ClearITPendingBit                   0x08005fcf   Thumb Code    68  stm32f10x_fsmc.o(.text)
    GPIO_DeInit                              0x0800601d   Thumb Code   172  stm32f10x_gpio.o(.text)
    GPIO_AFIODeInit                          0x080060c9   Thumb Code    20  stm32f10x_gpio.o(.text)
    GPIO_Init                                0x080060dd   Thumb Code   278  stm32f10x_gpio.o(.text)
    GPIO_StructInit                          0x080061f3   Thumb Code    16  stm32f10x_gpio.o(.text)
    GPIO_ReadInputDataBit                    0x08006203   Thumb Code    18  stm32f10x_gpio.o(.text)
    GPIO_ReadInputData                       0x08006215   Thumb Code     8  stm32f10x_gpio.o(.text)
    GPIO_ReadOutputDataBit                   0x0800621d   Thumb Code    18  stm32f10x_gpio.o(.text)
    GPIO_ReadOutputData                      0x0800622f   Thumb Code     8  stm32f10x_gpio.o(.text)
    GPIO_SetBits                             0x08006237   Thumb Code     4  stm32f10x_gpio.o(.text)
    GPIO_ResetBits                           0x0800623b   Thumb Code     4  stm32f10x_gpio.o(.text)
    GPIO_WriteBit                            0x0800623f   Thumb Code    10  stm32f10x_gpio.o(.text)
    GPIO_Write                               0x08006249   Thumb Code     4  stm32f10x_gpio.o(.text)
    GPIO_PinLockConfig                       0x0800624d   Thumb Code    18  stm32f10x_gpio.o(.text)
    GPIO_EventOutputConfig                   0x0800625f   Thumb Code    26  stm32f10x_gpio.o(.text)
    GPIO_EventOutputCmd                      0x08006279   Thumb Code     6  stm32f10x_gpio.o(.text)
    GPIO_PinRemapConfig                      0x0800627f   Thumb Code   138  stm32f10x_gpio.o(.text)
    GPIO_EXTILineConfig                      0x08006309   Thumb Code    66  stm32f10x_gpio.o(.text)
    GPIO_ETH_MediaInterfaceConfig            0x0800634b   Thumb Code     8  stm32f10x_gpio.o(.text)
    RCC_DeInit                               0x08006379   Thumb Code    64  stm32f10x_rcc.o(.text)
    RCC_HSEConfig                            0x080063b9   Thumb Code    70  stm32f10x_rcc.o(.text)
    RCC_GetFlagStatus                        0x080063ff   Thumb Code    56  stm32f10x_rcc.o(.text)
    RCC_WaitForHSEStartUp                    0x08006437   Thumb Code    56  stm32f10x_rcc.o(.text)
    RCC_AdjustHSICalibrationValue            0x0800646f   Thumb Code    20  stm32f10x_rcc.o(.text)
    RCC_HSICmd                               0x08006483   Thumb Code     6  stm32f10x_rcc.o(.text)
    RCC_PLLConfig                            0x08006489   Thumb Code    24  stm32f10x_rcc.o(.text)
    RCC_PLLCmd                               0x080064a1   Thumb Code     6  stm32f10x_rcc.o(.text)
    RCC_SYSCLKConfig                         0x080064a7   Thumb Code    18  stm32f10x_rcc.o(.text)
    RCC_GetSYSCLKSource                      0x080064b9   Thumb Code    10  stm32f10x_rcc.o(.text)
    RCC_HCLKConfig                           0x080064c3   Thumb Code    18  stm32f10x_rcc.o(.text)
    RCC_PCLK1Config                          0x080064d5   Thumb Code    18  stm32f10x_rcc.o(.text)
    RCC_PCLK2Config                          0x080064e7   Thumb Code    20  stm32f10x_rcc.o(.text)
    RCC_ITConfig                             0x080064fb   Thumb Code    26  stm32f10x_rcc.o(.text)
    RCC_USBCLKConfig                         0x08006515   Thumb Code     8  stm32f10x_rcc.o(.text)
    RCC_ADCCLKConfig                         0x0800651d   Thumb Code    18  stm32f10x_rcc.o(.text)
    RCC_LSEConfig                            0x0800652f   Thumb Code    50  stm32f10x_rcc.o(.text)
    RCC_LSICmd                               0x08006561   Thumb Code     6  stm32f10x_rcc.o(.text)
    RCC_RTCCLKConfig                         0x08006567   Thumb Code    12  stm32f10x_rcc.o(.text)
    RCC_RTCCLKCmd                            0x08006573   Thumb Code     8  stm32f10x_rcc.o(.text)
    RCC_GetClocksFreq                        0x0800657b   Thumb Code   192  stm32f10x_rcc.o(.text)
    RCC_AHBPeriphClockCmd                    0x0800663b   Thumb Code    26  stm32f10x_rcc.o(.text)
    RCC_APB2PeriphClockCmd                   0x08006655   Thumb Code    26  stm32f10x_rcc.o(.text)
    RCC_APB1PeriphClockCmd                   0x0800666f   Thumb Code    26  stm32f10x_rcc.o(.text)
    RCC_APB2PeriphResetCmd                   0x08006689   Thumb Code    26  stm32f10x_rcc.o(.text)
    RCC_APB1PeriphResetCmd                   0x080066a3   Thumb Code    26  stm32f10x_rcc.o(.text)
    RCC_BackupResetCmd                       0x080066bd   Thumb Code     8  stm32f10x_rcc.o(.text)
    RCC_ClockSecuritySystemCmd               0x080066c5   Thumb Code     6  stm32f10x_rcc.o(.text)
    RCC_MCOConfig                            0x080066cb   Thumb Code     6  stm32f10x_rcc.o(.text)
    RCC_ClearFlag                            0x080066d1   Thumb Code    14  stm32f10x_rcc.o(.text)
    RCC_GetITStatus                          0x080066df   Thumb Code    20  stm32f10x_rcc.o(.text)
    RCC_ClearITPendingBit                    0x080066f3   Thumb Code     6  stm32f10x_rcc.o(.text)
    USART_DeInit                             0x0800671d   Thumb Code   134  stm32f10x_usart.o(.text)
    USART_Init                               0x080067a3   Thumb Code   210  stm32f10x_usart.o(.text)
    USART_StructInit                         0x08006875   Thumb Code    24  stm32f10x_usart.o(.text)
    USART_ClockInit                          0x0800688d   Thumb Code    34  stm32f10x_usart.o(.text)
    USART_ClockStructInit                    0x080068af   Thumb Code    12  stm32f10x_usart.o(.text)
    USART_Cmd                                0x080068bb   Thumb Code    24  stm32f10x_usart.o(.text)
    USART_ITConfig                           0x080068d3   Thumb Code    74  stm32f10x_usart.o(.text)
    USART_DMACmd                             0x0800691d   Thumb Code    18  stm32f10x_usart.o(.text)
    USART_SetAddress                         0x0800692f   Thumb Code    18  stm32f10x_usart.o(.text)
    USART_WakeUpConfig                       0x08006941   Thumb Code    18  stm32f10x_usart.o(.text)
    USART_ReceiverWakeUpCmd                  0x08006953   Thumb Code    24  stm32f10x_usart.o(.text)
    USART_LINBreakDetectLengthConfig         0x0800696b   Thumb Code    18  stm32f10x_usart.o(.text)
    USART_LINCmd                             0x0800697d   Thumb Code    24  stm32f10x_usart.o(.text)
    USART_SendData                           0x08006995   Thumb Code     8  stm32f10x_usart.o(.text)
    USART_ReceiveData                        0x0800699d   Thumb Code    10  stm32f10x_usart.o(.text)
    USART_SendBreak                          0x080069a7   Thumb Code    10  stm32f10x_usart.o(.text)
    USART_SetGuardTime                       0x080069b1   Thumb Code    16  stm32f10x_usart.o(.text)
    USART_SetPrescaler                       0x080069c1   Thumb Code    16  stm32f10x_usart.o(.text)
    USART_SmartCardCmd                       0x080069d1   Thumb Code    24  stm32f10x_usart.o(.text)
    USART_SmartCardNACKCmd                   0x080069e9   Thumb Code    24  stm32f10x_usart.o(.text)
    USART_HalfDuplexCmd                      0x08006a01   Thumb Code    24  stm32f10x_usart.o(.text)
    USART_OverSampling8Cmd                   0x08006a19   Thumb Code    22  stm32f10x_usart.o(.text)
    USART_OneBitMethodCmd                    0x08006a2f   Thumb Code    24  stm32f10x_usart.o(.text)
    USART_IrDAConfig                         0x08006a47   Thumb Code    18  stm32f10x_usart.o(.text)
    USART_IrDACmd                            0x08006a59   Thumb Code    24  stm32f10x_usart.o(.text)
    USART_GetFlagStatus                      0x08006a71   Thumb Code    26  stm32f10x_usart.o(.text)
    USART_ClearFlag                          0x08006a8b   Thumb Code    18  stm32f10x_usart.o(.text)
    USART_GetITStatus                        0x08006a9d   Thumb Code    84  stm32f10x_usart.o(.text)
    USART_ClearITPendingBit                  0x08006af1   Thumb Code    52  stm32f10x_usart.o(.text)
    ADC_DeInit                               0x08006b25   Thumb Code    78  stm32f10x_adc.o(.text)
    ADC_Init                                 0x08006b73   Thumb Code    70  stm32f10x_adc.o(.text)
    ADC_StructInit                           0x08006bb9   Thumb Code    18  stm32f10x_adc.o(.text)
    ADC_Cmd                                  0x08006bcb   Thumb Code    22  stm32f10x_adc.o(.text)
    ADC_DMACmd                               0x08006be1   Thumb Code    22  stm32f10x_adc.o(.text)
    ADC_ITConfig                             0x08006bf7   Thumb Code    24  stm32f10x_adc.o(.text)
    ADC_ResetCalibration                     0x08006c0f   Thumb Code    10  stm32f10x_adc.o(.text)
    ADC_GetResetCalibrationStatus            0x08006c19   Thumb Code    20  stm32f10x_adc.o(.text)
    ADC_StartCalibration                     0x08006c2d   Thumb Code    10  stm32f10x_adc.o(.text)
    ADC_GetCalibrationStatus                 0x08006c37   Thumb Code    20  stm32f10x_adc.o(.text)
    ADC_SoftwareStartConvCmd                 0x08006c4b   Thumb Code    22  stm32f10x_adc.o(.text)
    ADC_GetSoftwareStartConvStatus           0x08006c61   Thumb Code    20  stm32f10x_adc.o(.text)
    ADC_DiscModeChannelCountConfig           0x08006c75   Thumb Code    24  stm32f10x_adc.o(.text)
    ADC_DiscModeCmd                          0x08006c8d   Thumb Code    22  stm32f10x_adc.o(.text)
    ADC_RegularChannelConfig                 0x08006ca3   Thumb Code   184  stm32f10x_adc.o(.text)
    ADC_ExternalTrigConvCmd                  0x08006d5b   Thumb Code    22  stm32f10x_adc.o(.text)
    ADC_GetConversionValue                   0x08006d71   Thumb Code     8  stm32f10x_adc.o(.text)
    ADC_GetDualModeConversionValue           0x08006d79   Thumb Code     8  stm32f10x_adc.o(.text)
    ADC_AutoInjectedConvCmd                  0x08006d81   Thumb Code    22  stm32f10x_adc.o(.text)
    ADC_InjectedDiscModeCmd                  0x08006d97   Thumb Code    22  stm32f10x_adc.o(.text)
    ADC_ExternalTrigInjectedConvConfig       0x08006dad   Thumb Code    16  stm32f10x_adc.o(.text)
    ADC_ExternalTrigInjectedConvCmd          0x08006dbd   Thumb Code    22  stm32f10x_adc.o(.text)
    ADC_SoftwareStartInjectedConvCmd         0x08006dd3   Thumb Code    22  stm32f10x_adc.o(.text)
    ADC_GetSoftwareStartInjectedConvCmdStatus 0x08006de9   Thumb Code    20  stm32f10x_adc.o(.text)
    ADC_InjectedChannelConfig                0x08006dfd   Thumb Code   130  stm32f10x_adc.o(.text)
    ADC_InjectedSequencerLengthConfig        0x08006e7f   Thumb Code    24  stm32f10x_adc.o(.text)
    ADC_SetInjectedOffset                    0x08006e97   Thumb Code    20  stm32f10x_adc.o(.text)
    ADC_GetInjectedConversionValue           0x08006eab   Thumb Code    28  stm32f10x_adc.o(.text)
    ADC_AnalogWatchdogCmd                    0x08006ec7   Thumb Code    16  stm32f10x_adc.o(.text)
    ADC_AnalogWatchdogThresholdsConfig       0x08006ed7   Thumb Code     6  stm32f10x_adc.o(.text)
    ADC_AnalogWatchdogSingleChannelConfig    0x08006edd   Thumb Code    16  stm32f10x_adc.o(.text)
    ADC_TempSensorVrefintCmd                 0x08006eed   Thumb Code    64  stm32f10x_adc.o(.text)
    ADC_GetFlagStatus                        0x08006f2d   Thumb Code    18  stm32f10x_adc.o(.text)
    ADC_ClearFlag                            0x08006f3f   Thumb Code     6  stm32f10x_adc.o(.text)
    ADC_GetITStatus                          0x08006f45   Thumb Code    36  stm32f10x_adc.o(.text)
    ADC_ClearITPendingBit                    0x08006f69   Thumb Code    10  stm32f10x_adc.o(.text)
    vListInitialise                          0x08006f73   Thumb Code    26  list.o(.text)
    vListInitialiseItem                      0x08006f8d   Thumb Code     6  list.o(.text)
    vListInsertEnd                           0x08006f93   Thumb Code    24  list.o(.text)
    vListInsert                              0x08006fab   Thumb Code    52  list.o(.text)
    uxListRemove                             0x08006fdf   Thumb Code    40  list.o(.text)
    xQueueGenericReset                       0x08007009   Thumb Code   136  queue.o(.text)
    xQueueGenericCreate                      0x080070bf   Thumb Code    78  queue.o(.text)
    xQueueGenericSend                        0x080072b5   Thumb Code   456  queue.o(.text)
    xQueueCreateMutex                        0x08007499   Thumb Code    34  queue.o(.text)
    xQueueGiveMutexRecursive                 0x080074bb   Thumb Code    66  queue.o(.text)
    xQueueGenericReceive                     0x08007541   Thumb Code   428  queue.o(.text)
    xQueueTakeMutexRecursive                 0x080076ed   Thumb Code    76  queue.o(.text)
    xQueueCreateCountingSemaphore            0x08007739   Thumb Code    80  queue.o(.text)
    xQueueGenericSendFromISR                 0x08007789   Thumb Code   252  queue.o(.text)
    xQueueGiveFromISR                        0x08007885   Thumb Code   228  queue.o(.text)
    xQueueReceiveFromISR                     0x08007969   Thumb Code   190  queue.o(.text)
    xQueuePeekFromISR                        0x08007a27   Thumb Code   158  queue.o(.text)
    uxQueueMessagesWaiting                   0x08007ac5   Thumb Code    36  queue.o(.text)
    uxQueueSpacesAvailable                   0x08007ae9   Thumb Code    42  queue.o(.text)
    uxQueueMessagesWaitingFromISR            0x08007b13   Thumb Code    28  queue.o(.text)
    vQueueUnregisterQueue                    0x08007b2f   Thumb Code    44  queue.o(.text)
    vQueueDelete                             0x08007b5b   Thumb Code    38  queue.o(.text)
    uxQueueGetQueueNumber                    0x08007b81   Thumb Code     6  queue.o(.text)
    vQueueSetQueueNumber                     0x08007b87   Thumb Code     4  queue.o(.text)
    ucQueueGetQueueType                      0x08007b8b   Thumb Code     8  queue.o(.text)
    xQueueIsQueueEmptyFromISR                0x08007b93   Thumb Code    36  queue.o(.text)
    xQueueIsQueueFullFromISR                 0x08007bb7   Thumb Code    40  queue.o(.text)
    vQueueAddToRegistry                      0x08007bdf   Thumb Code    38  queue.o(.text)
    pcQueueGetName                           0x08007c05   Thumb Code    38  queue.o(.text)
    vQueueWaitForMessageRestricted           0x08007c2b   Thumb Code    74  queue.o(.text)
    xQueueCreateSet                          0x08007c75   Thumb Code    20  queue.o(.text)
    xQueueAddToSet                           0x08007c89   Thumb Code    38  queue.o(.text)
    xQueueRemoveFromSet                      0x08007caf   Thumb Code    48  queue.o(.text)
    xQueueSelectFromSet                      0x08007cdf   Thumb Code    26  queue.o(.text)
    xQueueSelectFromSetFromISR               0x08007cf9   Thumb Code    22  queue.o(.text)
    xTaskCreate                              0x08007ea1   Thumb Code    96  tasks.o(.text)
    vTaskDelete                              0x08007f3d   Thumb Code   192  tasks.o(.text)
    xTaskIncrementTick                       0x08007ffd   Thumb Code   392  tasks.o(.text)
    xTaskResumeAll                           0x08008185   Thumb Code   218  tasks.o(.text)
    vTaskSuspendAll                          0x080082db   Thumb Code    12  tasks.o(.text)
    vTaskDelayUntil                          0x080082e7   Thumb Code   182  tasks.o(.text)
    vTaskDelay                               0x0800839d   Thumb Code    76  tasks.o(.text)
    eTaskGetState                            0x080083e9   Thumb Code   106  tasks.o(.text)
    uxTaskPriorityGet                        0x08008453   Thumb Code    30  tasks.o(.text)
    uxTaskPriorityGetFromISR                 0x08008471   Thumb Code    62  tasks.o(.text)
    vTaskPrioritySet                         0x080084af   Thumb Code   320  tasks.o(.text)
    vTaskSwitchContext                       0x080085ef   Thumb Code   114  tasks.o(.text)
    vTaskSuspend                             0x08008661   Thumb Code   190  tasks.o(.text)
    vTaskResume                              0x0800876b   Thumb Code   122  tasks.o(.text)
    xTaskResumeFromISR                       0x080087e5   Thumb Code   152  tasks.o(.text)
    vTaskStartScheduler                      0x080088f3   Thumb Code   112  tasks.o(.text)
    vTaskEndScheduler                        0x08008963   Thumb Code    32  tasks.o(.text)
    xTaskGetTickCount                        0x08008983   Thumb Code     6  tasks.o(.text)
    xTaskGetTickCountFromISR                 0x08008989   Thumb Code    16  tasks.o(.text)
    uxTaskGetNumberOfTasks                   0x08008999   Thumb Code     6  tasks.o(.text)
    pcTaskGetName                            0x0800899f   Thumb Code   114  tasks.o(.text)
    vTaskGetInfo                             0x08008a27   Thumb Code   114  tasks.o(.text)
    uxTaskGetSystemState                     0x08008b03   Thumb Code   152  tasks.o(.text)
    vTaskPlaceOnEventList                    0x08008b9b   Thumb Code    46  tasks.o(.text)
    vTaskPlaceOnUnorderedEventList           0x08008bc9   Thumb Code    88  tasks.o(.text)
    vTaskPlaceOnEventListRestricted          0x08008c21   Thumb Code    54  tasks.o(.text)
    xTaskRemoveFromEventList                 0x08008c57   Thumb Code   122  tasks.o(.text)
    xTaskRemoveFromUnorderedEventList        0x08008cd1   Thumb Code   142  tasks.o(.text)
    vTaskSetTimeOutState                     0x08008d5f   Thumb Code    36  tasks.o(.text)
    xTaskCheckForTimeOut                     0x08008d83   Thumb Code   124  tasks.o(.text)
    vTaskMissedYield                         0x08008dff   Thumb Code     8  tasks.o(.text)
    uxTaskGetTaskNumber                      0x08008e07   Thumb Code    66  tasks.o(.text)
    vTaskSetTaskNumber                       0x08008e49   Thumb Code     8  tasks.o(.text)
    xTaskGetCurrentTaskHandle                0x08008e51   Thumb Code     6  tasks.o(.text)
    xTaskGetSchedulerState                   0x08008e57   Thumb Code    24  tasks.o(.text)
    vTaskPriorityInherit                     0x08008e6f   Thumb Code   164  tasks.o(.text)
    xTaskPriorityDisinherit                  0x08008f13   Thumb Code   176  tasks.o(.text)
    vTaskList                                0x08008fed   Thumb Code   204  tasks.o(.text)
    uxTaskResetEventItemValue                0x080090b9   Thumb Code    24  tasks.o(.text)
    pvTaskIncrementMutexHeldCount            0x080090d1   Thumb Code    26  tasks.o(.text)
    ulTaskNotifyTake                         0x080090eb   Thumb Code   108  tasks.o(.text)
    xTaskNotifyWait                          0x08009157   Thumb Code   150  tasks.o(.text)
    xTaskGenericNotify                       0x080091ed   Thumb Code   276  tasks.o(.text)
    xTaskGenericNotifyFromISR                0x08009301   Thumb Code   282  tasks.o(.text)
    vTaskNotifyGiveFromISR                   0x0800941b   Thumb Code   200  tasks.o(.text)
    xTaskNotifyStateClear                    0x080094e3   Thumb Code    48  tasks.o(.text)
    xTimerGenericCommand                     0x08009585   Thumb Code   118  timers.o(.text)
    xTimerCreateTimerTask                    0x080098ed   Thumb Code    56  timers.o(.text)
    xTimerCreate                             0x080099cb   Thumb Code    48  timers.o(.text)
    xTimerGetTimerDaemonTaskHandle           0x080099fb   Thumb Code    38  timers.o(.text)
    xTimerGetPeriod                          0x08009a21   Thumb Code    28  timers.o(.text)
    xTimerGetExpiryTime                      0x08009a3d   Thumb Code    30  timers.o(.text)
    pcTimerGetName                           0x08009a5b   Thumb Code    28  timers.o(.text)
    xTimerIsTimerActive                      0x08009a77   Thumb Code    50  timers.o(.text)
    pvTimerGetTimerID                        0x08009aa9   Thumb Code    38  timers.o(.text)
    vTimerSetTimerID                         0x08009acf   Thumb Code    38  timers.o(.text)
    xTimerPendFunctionCallFromISR            0x08009af5   Thumb Code    48  timers.o(.text)
    xTimerPendFunctionCall                   0x08009b25   Thumb Code    70  timers.o(.text)
    pvPortMalloc                             0x08009c37   Thumb Code   262  heap_4.o(.text)
    vPortFree                                0x08009d3d   Thumb Code   120  heap_4.o(.text)
    xPortGetFreeHeapSize                     0x08009db5   Thumb Code     6  heap_4.o(.text)
    xPortGetMinimumEverFreeHeapSize          0x08009dbb   Thumb Code     6  heap_4.o(.text)
    vPortInitialiseBlocks                    0x08009dc1   Thumb Code     2  heap_4.o(.text)
    pxPortInitialiseStack                    0x08009e45   Thumb Code    30  port.o(.text)
    vPortSetupTimerInterrupt                 0x08009e63   Thumb Code    26  port.o(.text)
    xPortStartScheduler                      0x08009e7d   Thumb Code   140  port.o(.text)
    vPortEndScheduler                        0x08009f09   Thumb Code    34  port.o(.text)
    vPortEnterCritical                       0x08009f2b   Thumb Code    70  port.o(.text)
    vPortExitCritical                        0x08009f71   Thumb Code    48  port.o(.text)
    xPortSysTickHandler                      0x08009fa1   Thumb Code    48  port.o(.text)
    vPortValidateInterruptPriority           0x08009fd1   Thumb Code    88  port.o(.text)
    __use_no_semihosting                     0x0800a081   Thumb Code     2  use_no_semi_2.o(.text)
    __2printf                                0x0800a085   Thumb Code    20  noretval__2printf.o(.text)
    __2sprintf                               0x0800a09d   Thumb Code    34  noretval__2sprintf.o(.text)
    __printf                                 0x0800a0c5   Thumb Code   104  __printf.o(.text)
    _printf_str                              0x0800a12d   Thumb Code    82  _printf_str.o(.text)
    _printf_int_dec                          0x0800a181   Thumb Code   104  _printf_dec.o(.text)
    strcpy                                   0x0800a1f9   Thumb Code    72  strcpy.o(.text)
    strlen                                   0x0800a241   Thumb Code    62  strlen.o(.text)
    __aeabi_memcpy                           0x0800a27f   Thumb Code     0  rt_memcpy_v6.o(.text)
    __rt_memcpy                              0x0800a27f   Thumb Code   138  rt_memcpy_v6.o(.text)
    _memcpy_lastbytes                        0x0800a2e5   Thumb Code     0  rt_memcpy_v6.o(.text)
    __aeabi_memset                           0x0800a309   Thumb Code    16  aeabi_memset.o(.text)
    __use_two_region_memory                  0x0800a319   Thumb Code     2  heapauxi.o(.text)
    __rt_heap_escrow$2region                 0x0800a31b   Thumb Code     2  heapauxi.o(.text)
    __rt_heap_expand$2region                 0x0800a31d   Thumb Code     2  heapauxi.o(.text)
    __I$use$semihosting                      0x0800a31f   Thumb Code     0  use_no_semi.o(.text)
    __use_no_semihosting_swi                 0x0800a31f   Thumb Code     2  use_no_semi.o(.text)
    _printf_int_common                       0x0800a321   Thumb Code   178  _printf_intcommon.o(.text)
    _printf_char_common                      0x0800a3df   Thumb Code    32  _printf_char_common.o(.text)
    _sputc                                   0x0800a405   Thumb Code    10  _sputc.o(.text)
    _printf_cs_common                        0x0800a40f   Thumb Code    20  _printf_char.o(.text)
    _printf_char                             0x0800a423   Thumb Code    16  _printf_char.o(.text)
    _printf_string                           0x0800a433   Thumb Code     8  _printf_char.o(.text)
    _printf_char_file                        0x0800a43d   Thumb Code    32  _printf_char_file.o(.text)
    __aeabi_memcpy4                          0x0800a461   Thumb Code     0  rt_memcpy_w.o(.text)
    __aeabi_memcpy8                          0x0800a461   Thumb Code     0  rt_memcpy_w.o(.text)
    __rt_memcpy_w                            0x0800a461   Thumb Code   100  rt_memcpy_w.o(.text)
    _memcpy_lastbytes_aligned                0x0800a4a9   Thumb Code     0  rt_memcpy_w.o(.text)
    __aeabi_memclr                           0x0800a4c5   Thumb Code     0  rt_memclr.o(.text)
    __rt_memclr                              0x0800a4c5   Thumb Code    68  rt_memclr.o(.text)
    _memset                                  0x0800a4c9   Thumb Code     0  rt_memclr.o(.text)
    ferror                                   0x0800a509   Thumb Code     8  ferror.o(.text)
    __aeabi_memclr4                          0x0800a511   Thumb Code     0  rt_memclr_w.o(.text)
    __aeabi_memclr8                          0x0800a511   Thumb Code     0  rt_memclr_w.o(.text)
    __rt_memclr_w                            0x0800a511   Thumb Code    78  rt_memclr_w.o(.text)
    _memset_w                                0x0800a515   Thumb Code     0  rt_memclr_w.o(.text)
    __user_setup_stackheap                   0x0800a55f   Thumb Code    74  sys_stackheap_outer.o(.text)
    exit                                     0x0800a5a9   Thumb Code    12  exit.o(.text)
    __user_libspace                          0x0800a5b5   Thumb Code     8  libspace.o(.text)
    __user_perproc_libspace                  0x0800a5b5   Thumb Code     0  libspace.o(.text)
    __user_perthread_libspace                0x0800a5b5   Thumb Code     0  libspace.o(.text)
    __aeabi_d2uiz                            0x0800a5bd   Thumb Code     0  dfixu.o(x$fpl$dfixu)
    _dfixu                                   0x0800a5bd   Thumb Code    90  dfixu.o(x$fpl$dfixu)
    __aeabi_ui2d                             0x0800a617   Thumb Code     0  dflt_clz.o(x$fpl$dfltu)
    _dfltu                                   0x0800a617   Thumb Code    38  dflt_clz.o(x$fpl$dfltu)
    __aeabi_dmul                             0x0800a63d   Thumb Code     0  dmul.o(x$fpl$dmul)
    _dmul                                    0x0800a63d   Thumb Code   332  dmul.o(x$fpl$dmul)
    __fpl_dnaninf                            0x0800a791   Thumb Code   156  dnaninf.o(x$fpl$dnaninf)
    __fpl_dretinf                            0x0800a82d   Thumb Code    12  dretinf.o(x$fpl$dretinf)
    __I$use$fp                               0x0800a838   Number         0  usenofp.o(x$fpl$usenofp)
    asc2_1206                                0x0800a838   Data        1140  lcd_4_3.o(.constdata)
    asc2_1608                                0x0800acac   Data        1520  lcd_4_3.o(.constdata)
    asc2_2412                                0x0800b29c   Data        3420  lcd_4_3.o(.constdata)
    Region$$Table$$Base                      0x0800bff8   Number         0  anon$$obj.o(Region$$Table)
    Region$$Table$$Limit                     0x0800c018   Number         0  anon$$obj.o(Region$$Table)
    EVENTTask_Handler                        0x20000000   Data           4  main.o(.data)
    KEYTask_Handler                          0x20000004   Data           4  main.o(.data)
    APPLETask_Handler                        0x20000008   Data           4  main.o(.data)
    SNAKETask_Handler                        0x2000000c   Data           4  main.o(.data)
    DISPLAYTask_Handler                      0x20000010   Data           4  main.o(.data)
    LEDTask_Handler                          0x20000014   Data           4  main.o(.data)
    StartTask_Handler                        0x20000018   Data           4  main.o(.data)
    station                                  0x2000001c   Data           1  main.o(.data)
    direction                                0x2000001d   Data           1  main.o(.data)
    apple                                    0x2000001e   Data           6  main.o(.data)
    event                                    0x20000024   Data           8  main.o(.data)
    SystemCoreClock                          0x2000002c   Data           4  system_stm32f10x.o(.data)
    AHBPrescTable                            0x20000030   Data          16  system_stm32f10x.o(.data)
    POINT_COLOR                              0x20000042   Data           2  lcd_4_3.o(.data)
    BACK_COLOR                               0x20000044   Data           2  lcd_4_3.o(.data)
    __stdout                                 0x2000004c   Data           4  usart.o(.data)
    USART_RX_STA                             0x20000050   Data           2  usart.o(.data)
    pxCurrentTCB                             0x20000068   Data           4  tasks.o(.data)
    snake                                    0x200000dc   Data          20  main.o(.bss)
    snake_axis                               0x200000f0   Data         400  main.o(.bss)
    lcddev                                   0x20000280   Data          14  lcd_4_3.o(.bss)
    USART_RX_BUF                             0x2000028e   Data         200  usart.o(.bss)
    xQueueRegistry                           0x20000358   Data          64  queue.o(.bss)
    __libspace_start                         0x200056a4   Data          96  libspace.o(.bss)
    __temporary_stack_top$libspace           0x20005704   Data           0  libspace.o(.bss)



==============================================================================

Memory Map of the image

  Image Entry point : 0x08000131

  Load Region LR_IROM1 (Base: 0x08000000, Size: 0x0000c0f4, Max: 0x00080000, ABSOLUTE)

    Execution Region ER_IROM1 (Base: 0x08000000, Size: 0x0000c018, Max: 0x00080000, ABSOLUTE)

    Base Addr    Size         Type   Attr      Idx    E Section Name        Object

    0x08000000   0x00000130   Data   RO          391    RESET               startup_stm32f10x_hd.o
    0x08000130   0x00000008   Code   RO          696  * !!!main             c_w.l(__main.o)
    0x08000138   0x00000034   Code   RO          890    !!!scatter          c_w.l(__scatter.o)
    0x0800016c   0x0000001a   Code   RO          892    !!handler_copy      c_w.l(__scatter_copy.o)
    0x08000186   0x00000002   PAD
    0x08000188   0x0000001c   Code   RO          894    !!handler_zi        c_w.l(__scatter_zi.o)
    0x080001a4   0x00000000   Code   RO          685    .ARM.Collect$$_printf_percent$$00000000  c_w.l(_printf_percent.o)
    0x080001a4   0x00000006   Code   RO          683    .ARM.Collect$$_printf_percent$$00000009  c_w.l(_printf_d.o)
    0x080001aa   0x00000006   Code   RO          684    .ARM.Collect$$_printf_percent$$0000000A  c_w.l(_printf_u.o)
    0x080001b0   0x00000006   Code   RO          681    .ARM.Collect$$_printf_percent$$00000013  c_w.l(_printf_c.o)
    0x080001b6   0x00000006   Code   RO          682    .ARM.Collect$$_printf_percent$$00000014  c_w.l(_printf_s.o)
    0x080001bc   0x00000004   Code   RO          723    .ARM.Collect$$_printf_percent$$00000017  c_w.l(_printf_percent_end.o)
    0x080001c0   0x00000002   Code   RO          765    .ARM.Collect$$libinit$$00000000  c_w.l(libinit.o)
    0x080001c2   0x00000000   Code   RO          772    .ARM.Collect$$libinit$$00000002  c_w.l(libinit2.o)
    0x080001c2   0x00000000   Code   RO          774    .ARM.Collect$$libinit$$00000004  c_w.l(libinit2.o)
    0x080001c2   0x00000000   Code   RO          777    .ARM.Collect$$libinit$$0000000A  c_w.l(libinit2.o)
    0x080001c2   0x00000000   Code   RO          779    .ARM.Collect$$libinit$$0000000C  c_w.l(libinit2.o)
    0x080001c2   0x00000000   Code   RO          781    .ARM.Collect$$libinit$$0000000E  c_w.l(libinit2.o)
    0x080001c2   0x00000000   Code   RO          784    .ARM.Collect$$libinit$$00000011  c_w.l(libinit2.o)
    0x080001c2   0x00000000   Code   RO          786    .ARM.Collect$$libinit$$00000013  c_w.l(libinit2.o)
    0x080001c2   0x00000000   Code   RO          788    .ARM.Collect$$libinit$$00000015  c_w.l(libinit2.o)
    0x080001c2   0x00000000   Code   RO          790    .ARM.Collect$$libinit$$00000017  c_w.l(libinit2.o)
    0x080001c2   0x00000000   Code   RO          792    .ARM.Collect$$libinit$$00000019  c_w.l(libinit2.o)
    0x080001c2   0x00000000   Code   RO          794    .ARM.Collect$$libinit$$0000001B  c_w.l(libinit2.o)
    0x080001c2   0x00000000   Code   RO          796    .ARM.Collect$$libinit$$0000001D  c_w.l(libinit2.o)
    0x080001c2   0x00000000   Code   RO          798    .ARM.Collect$$libinit$$0000001F  c_w.l(libinit2.o)
    0x080001c2   0x00000000   Code   RO          800    .ARM.Collect$$libinit$$00000021  c_w.l(libinit2.o)
    0x080001c2   0x00000000   Code   RO          802    .ARM.Collect$$libinit$$00000023  c_w.l(libinit2.o)
    0x080001c2   0x00000000   Code   RO          804    .ARM.Collect$$libinit$$00000025  c_w.l(libinit2.o)
    0x080001c2   0x00000000   Code   RO          808    .ARM.Collect$$libinit$$0000002C  c_w.l(libinit2.o)
    0x080001c2   0x00000000   Code   RO          810    .ARM.Collect$$libinit$$0000002E  c_w.l(libinit2.o)
    0x080001c2   0x00000000   Code   RO          812    .ARM.Collect$$libinit$$00000030  c_w.l(libinit2.o)
    0x080001c2   0x00000000   Code   RO          814    .ARM.Collect$$libinit$$00000032  c_w.l(libinit2.o)
    0x080001c2   0x00000002   Code   RO          815    .ARM.Collect$$libinit$$00000033  c_w.l(libinit2.o)
    0x080001c4   0x00000002   Code   RO          833    .ARM.Collect$$libshutdown$$00000000  c_w.l(libshutdown.o)
    0x080001c6   0x00000000   Code   RO          844    .ARM.Collect$$libshutdown$$00000003  c_w.l(libshutdown2.o)
    0x080001c6   0x00000000   Code   RO          847    .ARM.Collect$$libshutdown$$00000006  c_w.l(libshutdown2.o)
    0x080001c6   0x00000000   Code   RO          850    .ARM.Collect$$libshutdown$$00000009  c_w.l(libshutdown2.o)
    0x080001c6   0x00000000   Code   RO          852    .ARM.Collect$$libshutdown$$0000000B  c_w.l(libshutdown2.o)
    0x080001c6   0x00000000   Code   RO          855    .ARM.Collect$$libshutdown$$0000000E  c_w.l(libshutdown2.o)
    0x080001c6   0x00000002   Code   RO          856    .ARM.Collect$$libshutdown$$0000000F  c_w.l(libshutdown2.o)
    0x080001c8   0x00000000   Code   RO          712    .ARM.Collect$$rtentry$$00000000  c_w.l(__rtentry.o)
    0x080001c8   0x00000000   Code   RO          734    .ARM.Collect$$rtentry$$00000002  c_w.l(__rtentry2.o)
    0x080001c8   0x00000006   Code   RO          746    .ARM.Collect$$rtentry$$00000004  c_w.l(__rtentry4.o)
    0x080001ce   0x00000000   Code   RO          736    .ARM.Collect$$rtentry$$00000009  c_w.l(__rtentry2.o)
    0x080001ce   0x00000004   Code   RO          737    .ARM.Collect$$rtentry$$0000000A  c_w.l(__rtentry2.o)
    0x080001d2   0x00000000   Code   RO          739    .ARM.Collect$$rtentry$$0000000C  c_w.l(__rtentry2.o)
    0x080001d2   0x00000008   Code   RO          740    .ARM.Collect$$rtentry$$0000000D  c_w.l(__rtentry2.o)
    0x080001da   0x00000002   Code   RO          769    .ARM.Collect$$rtexit$$00000000  c_w.l(rtexit.o)
    0x080001dc   0x00000000   Code   RO          817    .ARM.Collect$$rtexit$$00000002  c_w.l(rtexit2.o)
    0x080001dc   0x00000004   Code   RO          818    .ARM.Collect$$rtexit$$00000003  c_w.l(rtexit2.o)
    0x080001e0   0x00000006   Code   RO          819    .ARM.Collect$$rtexit$$00000004  c_w.l(rtexit2.o)
    0x080001e6   0x00000002   PAD
    0x080001e8   0x00000096   Code   RO          613    .emb_text           port.o
    0x0800027e   0x00000002   PAD
    0x08000280   0x00000558   Code   RO            1    .text               main.o
    0x080007d8   0x00000014   Code   RO          175    .text               stm32f10x_it.o
    0x080007ec   0x000001e0   Code   RO          216    .text               system_stm32f10x.o
    0x080009cc   0x0000004c   Code   RO          234    .text               led.o
    0x08000a18   0x00000138   Code   RO          246    .text               key.o
    0x08000b50   0x000000ec   Code   RO          259    .text               rand.o
    0x08000c3c   0x00000038   Code   RO          271    .text               beep.o
    0x08000c74   0x00004a3a   Code   RO          283    .text               lcd_4_3.o
    0x080056ae   0x00000002   PAD
    0x080056b0   0x00000104   Code   RO          309    .text               delay.o
    0x080057b4   0x00000140   Code   RO          350    .text               usart.o
    0x080058f4   0x00000040   Code   RO          392    .text               startup_stm32f10x_hd.o
    0x08005934   0x000000dc   Code   RO          396    .text               misc.o
    0x08005a10   0x0000060c   Code   RO          408    .text               stm32f10x_fsmc.o
    0x0800601c   0x0000035c   Code   RO          420    .text               stm32f10x_gpio.o
    0x08006378   0x000003a4   Code   RO          432    .text               stm32f10x_rcc.o
    0x0800671c   0x00000408   Code   RO          446    .text               stm32f10x_usart.o
    0x08006b24   0x0000044e   Code   RO          458    .text               stm32f10x_adc.o
    0x08006f72   0x00000094   Code   RO          519    .text               list.o
    0x08007006   0x00000002   PAD
    0x08007008   0x00000d0c   Code   RO          531    .text               queue.o
    0x08007d14   0x00001820   Code   RO          552    .text               tasks.o
    0x08009534   0x00000640   Code   RO          583    .text               timers.o
    0x08009b74   0x000002a0   Code   RO          598    .text               heap_4.o
    0x08009e14   0x0000026c   Code   RO          614    .text               port.o
    0x0800a080   0x00000002   Code   RO          645    .text               c_w.l(use_no_semi_2.o)
    0x0800a082   0x00000002   PAD
    0x0800a084   0x00000018   Code   RO          651    .text               c_w.l(noretval__2printf.o)
    0x0800a09c   0x00000028   Code   RO          653    .text               c_w.l(noretval__2sprintf.o)
    0x0800a0c4   0x00000068   Code   RO          655    .text               c_w.l(__printf.o)
    0x0800a12c   0x00000052   Code   RO          657    .text               c_w.l(_printf_str.o)
    0x0800a17e   0x00000002   PAD
    0x0800a180   0x00000078   Code   RO          659    .text               c_w.l(_printf_dec.o)
    0x0800a1f8   0x00000048   Code   RO          686    .text               c_w.l(strcpy.o)
    0x0800a240   0x0000003e   Code   RO          688    .text               c_w.l(strlen.o)
    0x0800a27e   0x0000008a   Code   RO          690    .text               c_w.l(rt_memcpy_v6.o)
    0x0800a308   0x00000010   Code   RO          692    .text               c_w.l(aeabi_memset.o)
    0x0800a318   0x00000006   Code   RO          694    .text               c_w.l(heapauxi.o)
    0x0800a31e   0x00000002   Code   RO          710    .text               c_w.l(use_no_semi.o)
    0x0800a320   0x000000b2   Code   RO          713    .text               c_w.l(_printf_intcommon.o)
    0x0800a3d2   0x00000002   PAD
    0x0800a3d4   0x00000030   Code   RO          715    .text               c_w.l(_printf_char_common.o)
    0x0800a404   0x0000000a   Code   RO          717    .text               c_w.l(_sputc.o)
    0x0800a40e   0x0000002c   Code   RO          719    .text               c_w.l(_printf_char.o)
    0x0800a43a   0x00000002   PAD
    0x0800a43c   0x00000024   Code   RO          721    .text               c_w.l(_printf_char_file.o)
    0x0800a460   0x00000064   Code   RO          724    .text               c_w.l(rt_memcpy_w.o)
    0x0800a4c4   0x00000044   Code   RO          726    .text               c_w.l(rt_memclr.o)
    0x0800a508   0x00000008   Code   RO          750    .text               c_w.l(ferror.o)
    0x0800a510   0x0000004e   Code   RO          754    .text               c_w.l(rt_memclr_w.o)
    0x0800a55e   0x0000004a   Code   RO          756    .text               c_w.l(sys_stackheap_outer.o)
    0x0800a5a8   0x0000000c   Code   RO          758    .text               c_w.l(exit.o)
    0x0800a5b4   0x00000008   Code   RO          766    .text               c_w.l(libspace.o)
    0x0800a5bc   0x0000005a   Code   RO          698    x$fpl$dfixu         fz_ws.l(dfixu.o)
    0x0800a616   0x00000026   Code   RO          702    x$fpl$dfltu         fz_ws.l(dflt_clz.o)
    0x0800a63c   0x00000154   Code   RO          708    x$fpl$dmul          fz_ws.l(dmul.o)
    0x0800a790   0x0000009c   Code   RO          728    x$fpl$dnaninf       fz_ws.l(dnaninf.o)
    0x0800a82c   0x0000000c   Code   RO          730    x$fpl$dretinf       fz_ws.l(dretinf.o)
    0x0800a838   0x00000000   Code   RO          732    x$fpl$usenofp       fz_ws.l(usenofp.o)
    0x0800a838   0x000017c0   Data   RO          285    .constdata          lcd_4_3.o
    0x0800bff8   0x00000020   Data   RO          888    Region$$Table       anon$$obj.o


    Execution Region RW_IRAM1 (Base: 0x20000000, Size: 0x00005d08, Max: 0x00010000, ABSOLUTE)

    Base Addr    Size         Type   Attr      Idx    E Section Name        Object

    0x20000000   0x0000002c   Data   RW            3    .data               main.o
    0x2000002c   0x00000014   Data   RW          217    .data               system_stm32f10x.o
    0x20000040   0x00000001   Data   RW          247    .data               key.o
    0x20000041   0x00000001   PAD
    0x20000042   0x00000004   Data   RW          286    .data               lcd_4_3.o
    0x20000046   0x00000004   Data   RW          310    .data               delay.o
    0x2000004a   0x00000002   PAD
    0x2000004c   0x00000006   Data   RW          352    .data               usart.o
    0x20000052   0x00000014   Data   RW          433    .data               stm32f10x_rcc.o
    0x20000066   0x00000002   PAD
    0x20000068   0x0000003c   Data   RW          554    .data               tasks.o
    0x200000a4   0x00000014   Data   RW          585    .data               timers.o
    0x200000b8   0x00000018   Data   RW          600    .data               heap_4.o
    0x200000d0   0x0000000c   Data   RW          615    .data               port.o
    0x200000dc   0x000001a4   Zero   RW            2    .bss                main.o
    0x20000280   0x0000000e   Zero   RW          284    .bss                lcd_4_3.o
    0x2000028e   0x000000c8   Zero   RW          351    .bss                usart.o
    0x20000356   0x00000002   PAD
    0x20000358   0x00000040   Zero   RW          532    .bss                queue.o
    0x20000398   0x000002e4   Zero   RW          553    .bss                tasks.o
    0x2000067c   0x00000028   Zero   RW          584    .bss                timers.o
    0x200006a4   0x00005000   Zero   RW          599    .bss                heap_4.o
    0x200056a4   0x00000060   Zero   RW          767    .bss                c_w.l(libspace.o)
    0x20005704   0x00000004   PAD
    0x20005708   0x00000200   Zero   RW          390    HEAP                startup_stm32f10x_hd.o
    0x20005908   0x00000400   Zero   RW          389    STACK               startup_stm32f10x_hd.o


==============================================================================

Image component sizes


      Code (inc. data)   RO Data    RW Data    ZI Data      Debug   Object Name

        56          6          0          0          0        452   beep.o
       260         18          0          4          0       1389   delay.o
         0          0          0          0          0      10176   event_groups.o
       672         82          0         24      20480       3124   heap_4.o
       312         16          0          1          0        832   key.o
     19002        146       6080          4         14      22950   lcd_4_3.o
        76          8          0          0          0        455   led.o
       148          0          0          0          0       1730   list.o
      1368        154          0         44        420     263462   main.o
       220         22          0          0          0       1721   misc.o
       770        100          0         12          0       7507   port.o
      3340         52          0          0         64      17958   queue.o
       236          8          0          0          0        953   rand.o
        64         26        304          0       1536        760   startup_stm32f10x_hd.o
      1102         26          0          0          0      10757   stm32f10x_adc.o
      1548         18          0          0          0       5271   stm32f10x_fsmc.o
       860         38          0          0          0       5569   stm32f10x_gpio.o
        20          0          0          0          0        871   stm32f10x_it.o
       932         36          0         20          0       8704   stm32f10x_rcc.o
      1032         22          0          0          0       8292   stm32f10x_usart.o
         0          0          0          0          0         32   sys.o
       480         38          0         20          0       1623   system_stm32f10x.o
      6176        402          0         60        740      31008   tasks.o
      1600        112          0         20         40       8304   timers.o
       320         18          0          6        200       3026   usart.o

    ----------------------------------------------------------------------
     40600       1348       6416        220      23496     416926   Object Totals
         0          0         32          0          0          0   (incl. Generated)
         6          0          0          5          2          0   (incl. Padding)

    ----------------------------------------------------------------------

      Code (inc. data)   RO Data    RW Data    ZI Data      Debug   Library Member Name

         8          0          0          0          0         68   __main.o
       104          0          0          0          0         84   __printf.o
         0          0          0          0          0          0   __rtentry.o
        12          0          0          0          0          0   __rtentry2.o
         6          0          0          0          0          0   __rtentry4.o
        52          8          0          0          0          0   __scatter.o
        26          0          0          0          0          0   __scatter_copy.o
        28          0          0          0          0          0   __scatter_zi.o
         6          0          0          0          0          0   _printf_c.o
        44          0          0          0          0        108   _printf_char.o
        48          6          0          0          0         96   _printf_char_common.o
        36          4          0          0          0         80   _printf_char_file.o
         6          0          0          0          0          0   _printf_d.o
       120         16          0          0          0         92   _printf_dec.o
       178          0          0          0          0         88   _printf_intcommon.o
         0          0          0          0          0          0   _printf_percent.o
         4          0          0          0          0          0   _printf_percent_end.o
         6          0          0          0          0          0   _printf_s.o
        82          0          0          0          0         80   _printf_str.o
         6          0          0          0          0          0   _printf_u.o
        10          0          0          0          0         68   _sputc.o
        16          0          0          0          0         68   aeabi_memset.o
        12          0          0          0          0         72   exit.o
         8          0          0          0          0         68   ferror.o
         6          0          0          0          0        152   heapauxi.o
         2          0          0          0          0          0   libinit.o
         2          0          0          0          0          0   libinit2.o
         2          0          0          0          0          0   libshutdown.o
         2          0          0          0          0          0   libshutdown2.o
         8          4          0          0         96         68   libspace.o
        24          4          0          0          0         84   noretval__2printf.o
        40          6          0          0          0         84   noretval__2sprintf.o
        68          0          0          0          0         68   rt_memclr.o
        78          0          0          0          0         80   rt_memclr_w.o
       138          0          0          0          0         68   rt_memcpy_v6.o
       100          0          0          0          0         80   rt_memcpy_w.o
         2          0          0          0          0          0   rtexit.o
        10          0          0          0          0          0   rtexit2.o
        72          0          0          0          0         80   strcpy.o
        62          0          0          0          0         76   strlen.o
        74          0          0          0          0         80   sys_stackheap_outer.o
         2          0          0          0          0         68   use_no_semi.o
         2          0          0          0          0         68   use_no_semi_2.o
        90          4          0          0          0         92   dfixu.o
        38          0          0          0          0         68   dflt_clz.o
       340         12          0          0          0        104   dmul.o
       156          4          0          0          0         92   dnaninf.o
        12          0          0          0          0         68   dretinf.o
         0          0          0          0          0          0   usenofp.o

    ----------------------------------------------------------------------
      2160         68          0          0        100       2452   Library Totals
        12          0          0          0          4          0   (incl. Padding)

    ----------------------------------------------------------------------

      Code (inc. data)   RO Data    RW Data    ZI Data      Debug   Library Name

      1512         48          0          0         96       2028   c_w.l
       636         20          0          0          0        424   fz_ws.l

    ----------------------------------------------------------------------
      2160         68          0          0        100       2452   Library Totals

    ----------------------------------------------------------------------

==============================================================================


      Code (inc. data)   RO Data    RW Data    ZI Data      Debug   

     42760       1416       6416        220      23596     415734   Grand Totals
     42760       1416       6416        220      23596     415734   ELF Image Totals
     42760       1416       6416        220          0          0   ROM Totals

==============================================================================

    Total RO  Size (Code + RO Data)                49176 (  48.02kB)
    Total RW  Size (RW Data + ZI Data)             23816 (  23.26kB)
    Total ROM Size (Code + RO Data + RW Data)      49396 (  48.24kB)

==============================================================================

